15:32:55 **** Clean-only build of configuration Debug for project mmult ****
make clean 
rm -rf  ./src/acc_base.o ./src/echo.o ./src/i2c_access.o ./src/iic_phyreset.o ./src/lib_xmmult_hw.o ./src/main.o ./src/platform.o ./src/platform_mb.o ./src/platform_ppc.o ./src/platform_zynq.o ./src/platform_zynqmp.o ./src/sfp.o ./src/si5324.o  ./src/acc_base.d ./src/echo.d ./src/i2c_access.d ./src/iic_phyreset.d ./src/lib_xmmult_hw.d ./src/main.d ./src/platform.d ./src/platform_mb.d ./src/platform_ppc.d ./src/platform_zynq.d ./src/platform_zynqmp.d ./src/sfp.d ./src/si5324.d  mmult.elf.size  mmult.elf
 
15:32:55 **** Clean-only build of project mmult_bsp ****
make -k clean 
make -C ps7_cortexa9_0/libsrc/axidma_v9_5/src -s clean 
make -C ps7_cortexa9_0/libsrc/coresightps_dcc_v1_4/src -s clean 
make -C ps7_cortexa9_0/libsrc/cpu_cortexa9_v2_5/src -s clean 
make -C ps7_cortexa9_0/libsrc/ddrps_v1_0/src -s clean 
make -C ps7_cortexa9_0/libsrc/devcfg_v3_5/src -s clean 
make -C ps7_cortexa9_0/libsrc/dmaps_v2_3/src -s clean 
make -C ps7_cortexa9_0/libsrc/emacps_v3_6/src -s clean 
make -C ps7_cortexa9_0/libsrc/gpiops_v3_3/src -s clean 
make -C ps7_cortexa9_0/libsrc/HLS_accel_v1_0/src -s clean 
c:\software\vivado_2017.4\SDK\2017.4\gnuwin\bin\rm.exe: cannot lstat `*.o': Invalid argument
make[1]: *** [clean] Error 1
make: *** [ps7_cortexa9_0/libsrc/HLS_accel_v1_0/src/make.clean] Error 2
make -C ps7_cortexa9_0/libsrc/lwip141_v2_0/src -s clean 
make -C ps7_cortexa9_0/libsrc/qspips_v3_4/src -s clean 
make -C ps7_cortexa9_0/libsrc/scugic_v3_8/src -s clean 
make -C ps7_cortexa9_0/libsrc/scutimer_v2_1/src -s clean 
make -C ps7_cortexa9_0/libsrc/scuwdt_v2_1/src -s clean 
make -C ps7_cortexa9_0/libsrc/sdps_v3_3/src -s clean 
make -C ps7_cortexa9_0/libsrc/standalone_v6_5/src -s clean 
make -C ps7_cortexa9_0/libsrc/tmrctr_v4_4/src -s clean 
make -C ps7_cortexa9_0/libsrc/uartps_v3_5/src -s clean 
make -C ps7_cortexa9_0/libsrc/usbps_v2_4/src -s clean 
make -C ps7_cortexa9_0/libsrc/xadcps_v2_2/src -s clean 
make: Target `clean' not remade because of errors.
15:32:58 **** Build of project mmult_bsp ****
make -k all 
"Running Make include in ps7_cortexa9_0/libsrc/axidma_v9_5/src"
make -C ps7_cortexa9_0/libsrc/axidma_v9_5/src -s include  "SHELL=CMD" "COMPILER=arm-none-eabi-gcc" "ARCHIVER=arm-none-eabi-ar" "COMPILER_FLAGS=  -O2 -c" "EXTRA_COMPILER_FLAGS=-mcpu=cortex-a9 -mfpu=vfpv3 -mfloat-abi=hard -nostartfiles -Wall -Wextra"
"Running Make include in ps7_cortexa9_0/libsrc/coresightps_dcc_v1_4/src"
make -C ps7_cortexa9_0/libsrc/coresightps_dcc_v1_4/src -s include  "SHELL=CMD" "COMPILER=arm-none-eabi-gcc" "ARCHIVER=arm-none-eabi-ar" "COMPILER_FLAGS=  -O2 -c" "EXTRA_COMPILER_FLAGS=-mcpu=cortex-a9 -mfpu=vfpv3 -mfloat-abi=hard -nostartfiles -Wall -Wextra"
"Running Make include in ps7_cortexa9_0/libsrc/cpu_cortexa9_v2_5/src"
make -C ps7_cortexa9_0/libsrc/cpu_cortexa9_v2_5/src -s include  "SHELL=CMD" "COMPILER=arm-none-eabi-gcc" "ARCHIVER=arm-none-eabi-ar" "COMPILER_FLAGS=  -O2 -c" "EXTRA_COMPILER_FLAGS=-mcpu=cortex-a9 -mfpu=vfpv3 -mfloat-abi=hard -nostartfiles -Wall -Wextra"
"Running Make include in ps7_cortexa9_0/libsrc/ddrps_v1_0/src"
make -C ps7_cortexa9_0/libsrc/ddrps_v1_0/src -s include  "SHELL=CMD" "COMPILER=arm-none-eabi-gcc" "ARCHIVER=arm-none-eabi-ar" "COMPILER_FLAGS=  -O2 -c" "EXTRA_COMPILER_FLAGS=-mcpu=cortex-a9 -mfpu=vfpv3 -mfloat-abi=hard -nostartfiles -Wall -Wextra"
"Running Make include in ps7_cortexa9_0/libsrc/devcfg_v3_5/src"
make -C ps7_cortexa9_0/libsrc/devcfg_v3_5/src -s include  "SHELL=CMD" "COMPILER=arm-none-eabi-gcc" "ARCHIVER=arm-none-eabi-ar" "COMPILER_FLAGS=  -O2 -c" "EXTRA_COMPILER_FLAGS=-mcpu=cortex-a9 -mfpu=vfpv3 -mfloat-abi=hard -nostartfiles -Wall -Wextra"
"Running Make include in ps7_cortexa9_0/libsrc/dmaps_v2_3/src"
make -C ps7_cortexa9_0/libsrc/dmaps_v2_3/src -s include  "SHELL=CMD" "COMPILER=arm-none-eabi-gcc" "ARCHIVER=arm-none-eabi-ar" "COMPILER_FLAGS=  -O2 -c" "EXTRA_COMPILER_FLAGS=-mcpu=cortex-a9 -mfpu=vfpv3 -mfloat-abi=hard -nostartfiles -Wall -Wextra"
"Running Make include in ps7_cortexa9_0/libsrc/emacps_v3_6/src"
make -C ps7_cortexa9_0/libsrc/emacps_v3_6/src -s include  "SHELL=CMD" "COMPILER=arm-none-eabi-gcc" "ARCHIVER=arm-none-eabi-ar" "COMPILER_FLAGS=  -O2 -c" "EXTRA_COMPILER_FLAGS=-mcpu=cortex-a9 -mfpu=vfpv3 -mfloat-abi=hard -nostartfiles -Wall -Wextra"
"Running Make include in ps7_cortexa9_0/libsrc/gpiops_v3_3/src"
make -C ps7_cortexa9_0/libsrc/gpiops_v3_3/src -s include  "SHELL=CMD" "COMPILER=arm-none-eabi-gcc" "ARCHIVER=arm-none-eabi-ar" "COMPILER_FLAGS=  -O2 -c" "EXTRA_COMPILER_FLAGS=-mcpu=cortex-a9 -mfpu=vfpv3 -mfloat-abi=hard -nostartfiles -Wall -Wextra"
"Running Make include in ps7_cortexa9_0/libsrc/HLS_accel_v1_0/src"
make -C ps7_cortexa9_0/libsrc/HLS_accel_v1_0/src -s include  "SHELL=CMD" "COMPILER=arm-none-eabi-gcc" "ARCHIVER=arm-none-eabi-ar" "COMPILER_FLAGS=  -O2 -c" "EXTRA_COMPILER_FLAGS=-mcpu=cortex-a9 -mfpu=vfpv3 -mfloat-abi=hard -nostartfiles -Wall -Wextra"
"Running Make include in ps7_cortexa9_0/libsrc/lwip141_v2_0/src"
make -C ps7_cortexa9_0/libsrc/lwip141_v2_0/src -s include  "SHELL=CMD" "COMPILER=arm-none-eabi-gcc" "ARCHIVER=arm-none-eabi-ar" "COMPILER_FLAGS=  -O2 -c" "EXTRA_COMPILER_FLAGS=-mcpu=cortex-a9 -mfpu=vfpv3 -mfloat-abi=hard -nostartfiles -Wall -Wextra"
"Running Make include in ps7_cortexa9_0/libsrc/qspips_v3_4/src"
make -C ps7_cortexa9_0/libsrc/qspips_v3_4/src -s include  "SHELL=CMD" "COMPILER=arm-none-eabi-gcc" "ARCHIVER=arm-none-eabi-ar" "COMPILER_FLAGS=  -O2 -c" "EXTRA_COMPILER_FLAGS=-mcpu=cortex-a9 -mfpu=vfpv3 -mfloat-abi=hard -nostartfiles -Wall -Wextra"
"Running Make include in ps7_cortexa9_0/libsrc/scugic_v3_8/src"
make -C ps7_cortexa9_0/libsrc/scugic_v3_8/src -s include  "SHELL=CMD" "COMPILER=arm-none-eabi-gcc" "ARCHIVER=arm-none-eabi-ar" "COMPILER_FLAGS=  -O2 -c" "EXTRA_COMPILER_FLAGS=-mcpu=cortex-a9 -mfpu=vfpv3 -mfloat-abi=hard -nostartfiles -Wall -Wextra"
"Running Make include in ps7_cortexa9_0/libsrc/scutimer_v2_1/src"
make -C ps7_cortexa9_0/libsrc/scutimer_v2_1/src -s include  "SHELL=CMD" "COMPILER=arm-none-eabi-gcc" "ARCHIVER=arm-none-eabi-ar" "COMPILER_FLAGS=  -O2 -c" "EXTRA_COMPILER_FLAGS=-mcpu=cortex-a9 -mfpu=vfpv3 -mfloat-abi=hard -nostartfiles -Wall -Wextra"
"Running Make include in ps7_cortexa9_0/libsrc/scuwdt_v2_1/src"
make -C ps7_cortexa9_0/libsrc/scuwdt_v2_1/src -s include  "SHELL=CMD" "COMPILER=arm-none-eabi-gcc" "ARCHIVER=arm-none-eabi-ar" "COMPILER_FLAGS=  -O2 -c" "EXTRA_COMPILER_FLAGS=-mcpu=cortex-a9 -mfpu=vfpv3 -mfloat-abi=hard -nostartfiles -Wall -Wextra"
"Running Make include in ps7_cortexa9_0/libsrc/sdps_v3_3/src"
make -C ps7_cortexa9_0/libsrc/sdps_v3_3/src -s include  "SHELL=CMD" "COMPILER=arm-none-eabi-gcc" "ARCHIVER=arm-none-eabi-ar" "COMPILER_FLAGS=  -O2 -c" "EXTRA_COMPILER_FLAGS=-mcpu=cortex-a9 -mfpu=vfpv3 -mfloat-abi=hard -nostartfiles -Wall -Wextra"
"Running Make include in ps7_cortexa9_0/libsrc/standalone_v6_5/src"
make -C ps7_cortexa9_0/libsrc/standalone_v6_5/src -s include  "SHELL=CMD" "COMPILER=arm-none-eabi-gcc" "ARCHIVER=arm-none-eabi-ar" "COMPILER_FLAGS=  -O2 -c" "EXTRA_COMPILER_FLAGS=-mcpu=cortex-a9 -mfpu=vfpv3 -mfloat-abi=hard -nostartfiles -Wall -Wextra"
"Running Make include in ps7_cortexa9_0/libsrc/tmrctr_v4_4/src"
make -C ps7_cortexa9_0/libsrc/tmrctr_v4_4/src -s include  "SHELL=CMD" "COMPILER=arm-none-eabi-gcc" "ARCHIVER=arm-none-eabi-ar" "COMPILER_FLAGS=  -O2 -c" "EXTRA_COMPILER_FLAGS=-mcpu=cortex-a9 -mfpu=vfpv3 -mfloat-abi=hard -nostartfiles -Wall -Wextra"
"Running Make include in ps7_cortexa9_0/libsrc/uartps_v3_5/src"
make -C ps7_cortexa9_0/libsrc/uartps_v3_5/src -s include  "SHELL=CMD" "COMPILER=arm-none-eabi-gcc" "ARCHIVER=arm-none-eabi-ar" "COMPILER_FLAGS=  -O2 -c" "EXTRA_COMPILER_FLAGS=-mcpu=cortex-a9 -mfpu=vfpv3 -mfloat-abi=hard -nostartfiles -Wall -Wextra"
"Running Make include in ps7_cortexa9_0/libsrc/usbps_v2_4/src"
make -C ps7_cortexa9_0/libsrc/usbps_v2_4/src -s include  "SHELL=CMD" "COMPILER=arm-none-eabi-gcc" "ARCHIVER=arm-none-eabi-ar" "COMPILER_FLAGS=  -O2 -c" "EXTRA_COMPILER_FLAGS=-mcpu=cortex-a9 -mfpu=vfpv3 -mfloat-abi=hard -nostartfiles -Wall -Wextra"
"Running Make include in ps7_cortexa9_0/libsrc/xadcps_v2_2/src"
make -C ps7_cortexa9_0/libsrc/xadcps_v2_2/src -s include  "SHELL=CMD" "COMPILER=arm-none-eabi-gcc" "ARCHIVER=arm-none-eabi-ar" "COMPILER_FLAGS=  -O2 -c" "EXTRA_COMPILER_FLAGS=-mcpu=cortex-a9 -mfpu=vfpv3 -mfloat-abi=hard -nostartfiles -Wall -Wextra"
"Running Make libs in ps7_cortexa9_0/libsrc/axidma_v9_5/src"
make -C ps7_cortexa9_0/libsrc/axidma_v9_5/src -s libs  "SHELL=CMD" "COMPILER=arm-none-eabi-gcc" "ARCHIVER=arm-none-eabi-ar" "COMPILER_FLAGS=  -O2 -c" "EXTRA_COMPILER_FLAGS=-mcpu=cortex-a9 -mfpu=vfpv3 -mfloat-abi=hard -nostartfiles -Wall -Wextra"
"Compiling axidma"
"Running Make libs in ps7_cortexa9_0/libsrc/coresightps_dcc_v1_4/src"
make -C ps7_cortexa9_0/libsrc/coresightps_dcc_v1_4/src -s libs  "SHELL=CMD" "COMPILER=arm-none-eabi-gcc" "ARCHIVER=arm-none-eabi-ar" "COMPILER_FLAGS=  -O2 -c" "EXTRA_COMPILER_FLAGS=-mcpu=cortex-a9 -mfpu=vfpv3 -mfloat-abi=hard -nostartfiles -Wall -Wextra"
"Compiling coresightps_dcc"
"Running Make libs in ps7_cortexa9_0/libsrc/cpu_cortexa9_v2_5/src"
make -C ps7_cortexa9_0/libsrc/cpu_cortexa9_v2_5/src -s libs  "SHELL=CMD" "COMPILER=arm-none-eabi-gcc" "ARCHIVER=arm-none-eabi-ar" "COMPILER_FLAGS=  -O2 -c" "EXTRA_COMPILER_FLAGS=-mcpu=cortex-a9 -mfpu=vfpv3 -mfloat-abi=hard -nostartfiles -Wall -Wextra"
"Compiling cpu_cortexa9"
"Running Make libs in ps7_cortexa9_0/libsrc/ddrps_v1_0/src"
make -C ps7_cortexa9_0/libsrc/ddrps_v1_0/src -s libs  "SHELL=CMD" "COMPILER=arm-none-eabi-gcc" "ARCHIVER=arm-none-eabi-ar" "COMPILER_FLAGS=  -O2 -c" "EXTRA_COMPILER_FLAGS=-mcpu=cortex-a9 -mfpu=vfpv3 -mfloat-abi=hard -nostartfiles -Wall -Wextra"
"Compiling ddrps"
"Running Make libs in ps7_cortexa9_0/libsrc/devcfg_v3_5/src"
make -C ps7_cortexa9_0/libsrc/devcfg_v3_5/src -s libs  "SHELL=CMD" "COMPILER=arm-none-eabi-gcc" "ARCHIVER=arm-none-eabi-ar" "COMPILER_FLAGS=  -O2 -c" "EXTRA_COMPILER_FLAGS=-mcpu=cortex-a9 -mfpu=vfpv3 -mfloat-abi=hard -nostartfiles -Wall -Wextra"
"Compiling devcfg"
"Running Make libs in ps7_cortexa9_0/libsrc/dmaps_v2_3/src"
make -C ps7_cortexa9_0/libsrc/dmaps_v2_3/src -s libs  "SHELL=CMD" "COMPILER=arm-none-eabi-gcc" "ARCHIVER=arm-none-eabi-ar" "COMPILER_FLAGS=  -O2 -c" "EXTRA_COMPILER_FLAGS=-mcpu=cortex-a9 -mfpu=vfpv3 -mfloat-abi=hard -nostartfiles -Wall -Wextra"
"Compiling dmaps"
"Running Make libs in ps7_cortexa9_0/libsrc/emacps_v3_6/src"
make -C ps7_cortexa9_0/libsrc/emacps_v3_6/src -s libs  "SHELL=CMD" "COMPILER=arm-none-eabi-gcc" "ARCHIVER=arm-none-eabi-ar" "COMPILER_FLAGS=  -O2 -c" "EXTRA_COMPILER_FLAGS=-mcpu=cortex-a9 -mfpu=vfpv3 -mfloat-abi=hard -nostartfiles -Wall -Wextra"
"Compiling emacps"
"Running Make libs in ps7_cortexa9_0/libsrc/gpiops_v3_3/src"
make -C ps7_cortexa9_0/libsrc/gpiops_v3_3/src -s libs  "SHELL=CMD" "COMPILER=arm-none-eabi-gcc" "ARCHIVER=arm-none-eabi-ar" "COMPILER_FLAGS=  -O2 -c" "EXTRA_COMPILER_FLAGS=-mcpu=cortex-a9 -mfpu=vfpv3 -mfloat-abi=hard -nostartfiles -Wall -Wextra"
"Compiling gpiops"
"Running Make libs in ps7_cortexa9_0/libsrc/HLS_accel_v1_0/src"
make -C ps7_cortexa9_0/libsrc/HLS_accel_v1_0/src -s libs  "SHELL=CMD" "COMPILER=arm-none-eabi-gcc" "ARCHIVER=arm-none-eabi-ar" "COMPILER_FLAGS=  -O2 -c" "EXTRA_COMPILER_FLAGS=-mcpu=cortex-a9 -mfpu=vfpv3 -mfloat-abi=hard -nostartfiles -Wall -Wextra"
"Compiling HLS_accel"
"Running Make libs in ps7_cortexa9_0/libsrc/lwip141_v2_0/src"
make -C ps7_cortexa9_0/libsrc/lwip141_v2_0/src -s libs  "SHELL=CMD" "COMPILER=arm-none-eabi-gcc" "ARCHIVER=arm-none-eabi-ar" "COMPILER_FLAGS=  -O2 -c" "EXTRA_COMPILER_FLAGS=-mcpu=cortex-a9 -mfpu=vfpv3 -mfloat-abi=hard -nostartfiles -Wall -Wextra"
"Compiling lwip src and adapter files"
"Running Make libs in ps7_cortexa9_0/libsrc/qspips_v3_4/src"
make -C ps7_cortexa9_0/libsrc/qspips_v3_4/src -s libs  "SHELL=CMD" "COMPILER=arm-none-eabi-gcc" "ARCHIVER=arm-none-eabi-ar" "COMPILER_FLAGS=  -O2 -c" "EXTRA_COMPILER_FLAGS=-mcpu=cortex-a9 -mfpu=vfpv3 -mfloat-abi=hard -nostartfiles -Wall -Wextra"
"Compiling qspips"
"Running Make libs in ps7_cortexa9_0/libsrc/scugic_v3_8/src"
make -C ps7_cortexa9_0/libsrc/scugic_v3_8/src -s libs  "SHELL=CMD" "COMPILER=arm-none-eabi-gcc" "ARCHIVER=arm-none-eabi-ar" "COMPILER_FLAGS=  -O2 -c" "EXTRA_COMPILER_FLAGS=-mcpu=cortex-a9 -mfpu=vfpv3 -mfloat-abi=hard -nostartfiles -Wall -Wextra"
"Compiling scugic"
"Running Make libs in ps7_cortexa9_0/libsrc/scutimer_v2_1/src"
make -C ps7_cortexa9_0/libsrc/scutimer_v2_1/src -s libs  "SHELL=CMD" "COMPILER=arm-none-eabi-gcc" "ARCHIVER=arm-none-eabi-ar" "COMPILER_FLAGS=  -O2 -c" "EXTRA_COMPILER_FLAGS=-mcpu=cortex-a9 -mfpu=vfpv3 -mfloat-abi=hard -nostartfiles -Wall -Wextra"
"Compiling scutimer"
"Running Make libs in ps7_cortexa9_0/libsrc/scuwdt_v2_1/src"
make -C ps7_cortexa9_0/libsrc/scuwdt_v2_1/src -s libs  "SHELL=CMD" "COMPILER=arm-none-eabi-gcc" "ARCHIVER=arm-none-eabi-ar" "COMPILER_FLAGS=  -O2 -c" "EXTRA_COMPILER_FLAGS=-mcpu=cortex-a9 -mfpu=vfpv3 -mfloat-abi=hard -nostartfiles -Wall -Wextra"
"Compiling scuwdt"
"Running Make libs in ps7_cortexa9_0/libsrc/sdps_v3_3/src"
make -C ps7_cortexa9_0/libsrc/sdps_v3_3/src -s libs  "SHELL=CMD" "COMPILER=arm-none-eabi-gcc" "ARCHIVER=arm-none-eabi-ar" "COMPILER_FLAGS=  -O2 -c" "EXTRA_COMPILER_FLAGS=-mcpu=cortex-a9 -mfpu=vfpv3 -mfloat-abi=hard -nostartfiles -Wall -Wextra"
"Compiling sdps"
"Running Make libs in ps7_cortexa9_0/libsrc/standalone_v6_5/src"
make -C ps7_cortexa9_0/libsrc/standalone_v6_5/src -s libs  "SHELL=CMD" "COMPILER=arm-none-eabi-gcc" "ARCHIVER=arm-none-eabi-ar" "COMPILER_FLAGS=  -O2 -c" "EXTRA_COMPILER_FLAGS=-mcpu=cortex-a9 -mfpu=vfpv3 -mfloat-abi=hard -nostartfiles -Wall -Wextra"
"Compiling standalone"
"Running Make libs in ps7_cortexa9_0/libsrc/tmrctr_v4_4/src"
make -C ps7_cortexa9_0/libsrc/tmrctr_v4_4/src -s libs  "SHELL=CMD" "COMPILER=arm-none-eabi-gcc" "ARCHIVER=arm-none-eabi-ar" "COMPILER_FLAGS=  -O2 -c" "EXTRA_COMPILER_FLAGS=-mcpu=cortex-a9 -mfpu=vfpv3 -mfloat-abi=hard -nostartfiles -Wall -Wextra"
"Compiling tmrctr"
"Running Make libs in ps7_cortexa9_0/libsrc/uartps_v3_5/src"
make -C ps7_cortexa9_0/libsrc/uartps_v3_5/src -s libs  "SHELL=CMD" "COMPILER=arm-none-eabi-gcc" "ARCHIVER=arm-none-eabi-ar" "COMPILER_FLAGS=  -O2 -c" "EXTRA_COMPILER_FLAGS=-mcpu=cortex-a9 -mfpu=vfpv3 -mfloat-abi=hard -nostartfiles -Wall -Wextra"
"Compiling uartps"
"Running Make libs in ps7_cortexa9_0/libsrc/usbps_v2_4/src"
make -C ps7_cortexa9_0/libsrc/usbps_v2_4/src -s libs  "SHELL=CMD" "COMPILER=arm-none-eabi-gcc" "ARCHIVER=arm-none-eabi-ar" "COMPILER_FLAGS=  -O2 -c" "EXTRA_COMPILER_FLAGS=-mcpu=cortex-a9 -mfpu=vfpv3 -mfloat-abi=hard -nostartfiles -Wall -Wextra"
"Compiling usbps"
"Running Make libs in ps7_cortexa9_0/libsrc/xadcps_v2_2/src"
make -C ps7_cortexa9_0/libsrc/xadcps_v2_2/src -s libs  "SHELL=CMD" "COMPILER=arm-none-eabi-gcc" "ARCHIVER=arm-none-eabi-ar" "COMPILER_FLAGS=  -O2 -c" "EXTRA_COMPILER_FLAGS=-mcpu=cortex-a9 -mfpu=vfpv3 -mfloat-abi=hard -nostartfiles -Wall -Wextra"
"Compiling xadcps"
'Finished building libraries'
15:33:40 **** Build of configuration Debug for project mmult ****
make pre-build main-build 
a9-linaro-pre-build-step
 
Building file: ../src/acc_base.c
Invoking: ARM v7 gcc compiler
arm-none-eabi-gcc -Wall -O0 -g3 -c -fmessage-length=0 -MT"src/acc_base.o" -mcpu=cortex-a9 -mfpu=vfpv3 -mfloat-abi=hard -I../../mmult_bsp/ps7_cortexa9_0/include -MMD -MP -MF"src/acc_base.d" -MT"src/acc_base.o" -o "src/acc_base.o" "../src/acc_base.c"
../src/acc_base.c:59:0: warning: "SIZE" redefined
 #define SIZE      (DIM*DIM)
 
In file included from ../src/acc_base.c:54:0:
../src/lib_xmmult_hw.h:6:0: note: this is the location of the previous definition
 #define SIZE  ((DIM)*(DIM))
 
../src/acc_base.c: In function 'acc':
../src/acc_base.c:140:5: warning: this 'for' clause does not guard... [-Wmisleading-indentation]
     for (i = 0; i<10; i++)
     ^~~
../src/acc_base.c:145:2: note: ...this statement, but the latter is misleadingly indented as if it is guarded by the 'for'
  status = init_dma();
  ^~~~~~
../src/acc_base.c:197:4: warning: implicit declaration of function 'matrix_multiply_ref' [-Wimplicit-function-declaration]
    matrix_multiply_ref(A, B, res_sw);
    ^~~~~~~~~~~~~~~~~~~
../src/acc_base.c:211:4: warning: implicit declaration of function 'Start_HW_Accelerator' [-Wimplicit-function-declaration]
    Start_HW_Accelerator();
    ^~~~~~~~~~~~~~~~~~~~
Finished building: ../src/acc_base.c
 
Building file: ../src/echo.c
Invoking: ARM v7 gcc compiler
arm-none-eabi-gcc -Wall -O0 -g3 -c -fmessage-length=0 -MT"src/echo.o" -mcpu=cortex-a9 -mfpu=vfpv3 -mfloat-abi=hard -I../../mmult_bsp/ps7_cortexa9_0/include -MMD -MP -MF"src/echo.d" -MT"src/echo.o" -o "src/echo.o" "../src/echo.c"
Finished building: ../src/echo.c
 
Building file: ../src/i2c_access.c
Invoking: ARM v7 gcc compiler
arm-none-eabi-gcc -Wall -O0 -g3 -c -fmessage-length=0 -MT"src/i2c_access.o" -mcpu=cortex-a9 -mfpu=vfpv3 -mfloat-abi=hard -I../../mmult_bsp/ps7_cortexa9_0/include -MMD -MP -MF"src/i2c_access.d" -MT"src/i2c_access.o" -o "src/i2c_access.o" "../src/i2c_access.c"
Finished building: ../src/i2c_access.c
 
Building file: ../src/iic_phyreset.c
Invoking: ARM v7 gcc compiler
arm-none-eabi-gcc -Wall -O0 -g3 -c -fmessage-length=0 -MT"src/iic_phyreset.o" -mcpu=cortex-a9 -mfpu=vfpv3 -mfloat-abi=hard -I../../mmult_bsp/ps7_cortexa9_0/include -MMD -MP -MF"src/iic_phyreset.d" -MT"src/iic_phyreset.o" -o "src/iic_phyreset.o" "../src/iic_phyreset.c"
Finished building: ../src/iic_phyreset.c
 
Building file: ../src/lib_xmmult_hw.c
Invoking: ARM v7 gcc compiler
arm-none-eabi-gcc -Wall -O0 -g3 -c -fmessage-length=0 -MT"src/lib_xmmult_hw.o" -mcpu=cortex-a9 -mfpu=vfpv3 -mfloat-abi=hard -I../../mmult_bsp/ps7_cortexa9_0/include -MMD -MP -MF"src/lib_xmmult_hw.d" -MT"src/lib_xmmult_hw.o" -o "src/lib_xmmult_hw.o" "../src/lib_xmmult_hw.c"
In file included from ../../mmult_bsp/ps7_cortexa9_0/include/xscugic.h:193:0,
                 from ../src/lib_xmmult_hw.c:6:
../src/lib_xmmult_hw.c: In function 'Start_HW_Accelerator':
../../mmult_bsp/ps7_cortexa9_0/include/xstatus.h:65:41: warning: 'return' with a value, in function returning void
 #define XST_FAILURE                     1L
                                         ^
../src/lib_xmmult_hw.c:152:10: note: in expansion of macro 'XST_FAILURE'
   return XST_FAILURE;
          ^~~~~~~~~~~
../src/lib_xmmult_hw.c:147:6: note: declared here
 void Start_HW_Accelerator(void)
      ^~~~~~~~~~~~~~~~~~~~
In file included from ../../mmult_bsp/ps7_cortexa9_0/include/xscugic.h:193:0,
                 from ../src/lib_xmmult_hw.c:6:
../../mmult_bsp/ps7_cortexa9_0/include/xstatus.h:65:41: warning: 'return' with a value, in function returning void
 #define XST_FAILURE                     1L
                                         ^
../src/lib_xmmult_hw.c:157:10: note: in expansion of macro 'XST_FAILURE'
   return XST_FAILURE;
          ^~~~~~~~~~~
../src/lib_xmmult_hw.c:147:6: note: declared here
 void Start_HW_Accelerator(void)
      ^~~~~~~~~~~~~~~~~~~~
Finished building: ../src/lib_xmmult_hw.c
 
Building file: ../src/main.c
Invoking: ARM v7 gcc compiler
arm-none-eabi-gcc -Wall -O0 -g3 -c -fmessage-length=0 -MT"src/main.o" -mcpu=cortex-a9 -mfpu=vfpv3 -mfloat-abi=hard -I../../mmult_bsp/ps7_cortexa9_0/include -MMD -MP -MF"src/main.d" -MT"src/main.o" -o "src/main.o" "../src/main.c"
Finished building: ../src/main.c
 
Building file: ../src/platform.c
Invoking: ARM v7 gcc compiler
arm-none-eabi-gcc -Wall -O0 -g3 -c -fmessage-length=0 -MT"src/platform.o" -mcpu=cortex-a9 -mfpu=vfpv3 -mfloat-abi=hard -I../../mmult_bsp/ps7_cortexa9_0/include -MMD -MP -MF"src/platform.d" -MT"src/platform.o" -o "src/platform.o" "../src/platform.c"
Finished building: ../src/platform.c
 
Building file: ../src/platform_mb.c
Invoking: ARM v7 gcc compiler
arm-none-eabi-gcc -Wall -O0 -g3 -c -fmessage-length=0 -MT"src/platform_mb.o" -mcpu=cortex-a9 -mfpu=vfpv3 -mfloat-abi=hard -I../../mmult_bsp/ps7_cortexa9_0/include -MMD -MP -MF"src/platform_mb.d" -MT"src/platform_mb.o" -o "src/platform_mb.o" "../src/platform_mb.c"
Finished building: ../src/platform_mb.c
 
Building file: ../src/platform_ppc.c
Invoking: ARM v7 gcc compiler
arm-none-eabi-gcc -Wall -O0 -g3 -c -fmessage-length=0 -MT"src/platform_ppc.o" -mcpu=cortex-a9 -mfpu=vfpv3 -mfloat-abi=hard -I../../mmult_bsp/ps7_cortexa9_0/include -MMD -MP -MF"src/platform_ppc.d" -MT"src/platform_ppc.o" -o "src/platform_ppc.o" "../src/platform_ppc.c"
Finished building: ../src/platform_ppc.c
 
Building file: ../src/platform_zynq.c
Invoking: ARM v7 gcc compiler
arm-none-eabi-gcc -Wall -O0 -g3 -c -fmessage-length=0 -MT"src/platform_zynq.o" -mcpu=cortex-a9 -mfpu=vfpv3 -mfloat-abi=hard -I../../mmult_bsp/ps7_cortexa9_0/include -MMD -MP -MF"src/platform_zynq.d" -MT"src/platform_zynq.o" -o "src/platform_zynq.o" "../src/platform_zynq.c"
Finished building: ../src/platform_zynq.c
 
Building file: ../src/platform_zynqmp.c
Invoking: ARM v7 gcc compiler
arm-none-eabi-gcc -Wall -O0 -g3 -c -fmessage-length=0 -MT"src/platform_zynqmp.o" -mcpu=cortex-a9 -mfpu=vfpv3 -mfloat-abi=hard -I../../mmult_bsp/ps7_cortexa9_0/include -MMD -MP -MF"src/platform_zynqmp.d" -MT"src/platform_zynqmp.o" -o "src/platform_zynqmp.o" "../src/platform_zynqmp.c"
Finished building: ../src/platform_zynqmp.c
 
Building file: ../src/sfp.c
Invoking: ARM v7 gcc compiler
arm-none-eabi-gcc -Wall -O0 -g3 -c -fmessage-length=0 -MT"src/sfp.o" -mcpu=cortex-a9 -mfpu=vfpv3 -mfloat-abi=hard -I../../mmult_bsp/ps7_cortexa9_0/include -MMD -MP -MF"src/sfp.d" -MT"src/sfp.o" -o "src/sfp.o" "../src/sfp.c"
Finished building: ../src/sfp.c
 
Building file: ../src/si5324.c
Invoking: ARM v7 gcc compiler
arm-none-eabi-gcc -Wall -O0 -g3 -c -fmessage-length=0 -MT"src/si5324.o" -mcpu=cortex-a9 -mfpu=vfpv3 -mfloat-abi=hard -I../../mmult_bsp/ps7_cortexa9_0/include -MMD -MP -MF"src/si5324.d" -MT"src/si5324.o" -o "src/si5324.o" "../src/si5324.c"
Finished building: ../src/si5324.c
 
Building target: mmult.elf
Invoking: ARM v7 gcc linker
arm-none-eabi-gcc -mcpu=cortex-a9 -mfpu=vfpv3 -mfloat-abi=hard -Wl,-build-id=none -specs=Xilinx.spec -Wl,-T -Wl,../src/lscript.ld -L../../mmult_bsp/ps7_cortexa9_0/lib -o "mmult.elf"  ./src/acc_base.o ./src/echo.o ./src/i2c_access.o ./src/iic_phyreset.o ./src/lib_xmmult_hw.o ./src/main.o ./src/platform.o ./src/platform_mb.o ./src/platform_ppc.o ./src/platform_zynq.o ./src/platform_zynqmp.o ./src/sfp.o ./src/si5324.o   -Wl,--start-group,-lxil,-lgcc,-lc,--end-group -Wl,--start-group,-lxil,-llwip4,-lgcc,-lc,--end-group
./src/main.o: In function `main':
C:\Umich\2nd_term\570\final_project\mult_acc_fully_work_zybo\try\xapp1170\xapp1170_2015v4\pre_built\vivado\project_1\project_1.sdk\mmult\Debug/../src/main.c:150: undefined reference to `platform_enable_interrupts'
C:\Umich\2nd_term\570\final_project\mult_acc_fully_work_zybo\try\xapp1170\xapp1170_2015v4\pre_built\vivado\project_1\project_1.sdk\mmult\Debug/../src/main.c:188: undefined reference to `TcpFastTmrFlag'
C:\Umich\2nd_term\570\final_project\mult_acc_fully_work_zybo\try\xapp1170\xapp1170_2015v4\pre_built\vivado\project_1\project_1.sdk\mmult\Debug/../src/main.c:188: undefined reference to `TcpFastTmrFlag'
C:\Umich\2nd_term\570\final_project\mult_acc_fully_work_zybo\try\xapp1170\xapp1170_2015v4\pre_built\vivado\project_1\project_1.sdk\mmult\Debug/../src/main.c:190: undefined reference to `TcpFastTmrFlag'
C:\Umich\2nd_term\570\final_project\mult_acc_fully_work_zybo\try\xapp1170\xapp1170_2015v4\pre_built\vivado\project_1\project_1.sdk\mmult\Debug/../src/main.c:190: undefined reference to `TcpFastTmrFlag'
C:\Umich\2nd_term\570\final_project\mult_acc_fully_work_zybo\try\xapp1170\xapp1170_2015v4\pre_built\vivado\project_1\project_1.sdk\mmult\Debug/../src/main.c:192: undefined reference to `TcpSlowTmrFlag'
C:\Umich\2nd_term\570\final_project\mult_acc_fully_work_zybo\try\xapp1170\xapp1170_2015v4\pre_built\vivado\project_1\project_1.sdk\mmult\Debug/../src/main.c:192: undefined reference to `TcpSlowTmrFlag'
C:\Umich\2nd_term\570\final_project\mult_acc_fully_work_zybo\try\xapp1170\xapp1170_2015v4\pre_built\vivado\project_1\project_1.sdk\mmult\Debug/../src/main.c:194: undefined reference to `TcpSlowTmrFlag'
C:\Umich\2nd_term\570\final_project\mult_acc_fully_work_zybo\try\xapp1170\xapp1170_2015v4\pre_built\vivado\project_1\project_1.sdk\mmult\Debug/../src/main.c:194: undefined reference to `TcpSlowTmrFlag'
collect2.exe: error: ld returned 1 exit status
make: *** [mmult.elf] Error 1
15:36:00 **** Auto Build of configuration Debug for project mmult ****
make pre-build main-build 
a9-linaro-pre-build-step
 
Building file: ../src/acc_base.c
Invoking: ARM v7 gcc compiler
arm-none-eabi-gcc -Wall -O0 -g3 -c -fmessage-length=0 -MT"src/acc_base.o" -mcpu=cortex-a9 -mfpu=vfpv3 -mfloat-abi=hard -I../../mmult_bsp/ps7_cortexa9_0/include -MMD -MP -MF"src/acc_base.d" -MT"src/acc_base.o" -o "src/acc_base.o" "../src/acc_base.c"
../src/acc_base.c:59:0: warning: "SIZE" redefined
 #define SIZE      (DIM*DIM)
 
In file included from ../src/acc_base.c:54:0:
../src/lib_xmmult_hw.h:6:0: note: this is the location of the previous definition
 #define SIZE  ((DIM)*(DIM))
 
../src/acc_base.c: In function 'acc':
../src/acc_base.c:140:5: warning: this 'for' clause does not guard... [-Wmisleading-indentation]
     for (i = 0; i<10; i++)
     ^~~
../src/acc_base.c:145:2: note: ...this statement, but the latter is misleadingly indented as if it is guarded by the 'for'
  status = init_dma();
  ^~~~~~
../src/acc_base.c:197:4: warning: implicit declaration of function 'matrix_multiply_ref' [-Wimplicit-function-declaration]
    matrix_multiply_ref(A, B, res_sw);
    ^~~~~~~~~~~~~~~~~~~
../src/acc_base.c:211:4: warning: implicit declaration of function 'Start_HW_Accelerator' [-Wimplicit-function-declaration]
    Start_HW_Accelerator();
    ^~~~~~~~~~~~~~~~~~~~
Finished building: ../src/acc_base.c
 
Building file: ../src/lib_xmmult_hw.c
Invoking: ARM v7 gcc compiler
arm-none-eabi-gcc -Wall -O0 -g3 -c -fmessage-length=0 -MT"src/lib_xmmult_hw.o" -mcpu=cortex-a9 -mfpu=vfpv3 -mfloat-abi=hard -I../../mmult_bsp/ps7_cortexa9_0/include -MMD -MP -MF"src/lib_xmmult_hw.d" -MT"src/lib_xmmult_hw.o" -o "src/lib_xmmult_hw.o" "../src/lib_xmmult_hw.c"
In file included from ../../mmult_bsp/ps7_cortexa9_0/include/xscugic.h:193:0,
                 from ../src/lib_xmmult_hw.c:6:
../src/lib_xmmult_hw.c: In function 'Start_HW_Accelerator':
../../mmult_bsp/ps7_cortexa9_0/include/xstatus.h:65:41: warning: 'return' with a value, in function returning void
 #define XST_FAILURE                     1L
                                         ^
../src/lib_xmmult_hw.c:152:10: note: in expansion of macro 'XST_FAILURE'
   return XST_FAILURE;
          ^~~~~~~~~~~
../src/lib_xmmult_hw.c:147:6: note: declared here
 void Start_HW_Accelerator(void)
      ^~~~~~~~~~~~~~~~~~~~
In file included from ../../mmult_bsp/ps7_cortexa9_0/include/xscugic.h:193:0,
                 from ../src/lib_xmmult_hw.c:6:
../../mmult_bsp/ps7_cortexa9_0/include/xstatus.h:65:41: warning: 'return' with a value, in function returning void
 #define XST_FAILURE                     1L
                                         ^
../src/lib_xmmult_hw.c:157:10: note: in expansion of macro 'XST_FAILURE'
   return XST_FAILURE;
          ^~~~~~~~~~~
../src/lib_xmmult_hw.c:147:6: note: declared here
 void Start_HW_Accelerator(void)
      ^~~~~~~~~~~~~~~~~~~~
Finished building: ../src/lib_xmmult_hw.c
 
Building file: ../src/main.c
Invoking: ARM v7 gcc compiler
arm-none-eabi-gcc -Wall -O0 -g3 -c -fmessage-length=0 -MT"src/main.o" -mcpu=cortex-a9 -mfpu=vfpv3 -mfloat-abi=hard -I../../mmult_bsp/ps7_cortexa9_0/include -MMD -MP -MF"src/main.d" -MT"src/main.o" -o "src/main.o" "../src/main.c"
Finished building: ../src/main.c
 
Building file: ../src/platform.c
Invoking: ARM v7 gcc compiler
arm-none-eabi-gcc -Wall -O0 -g3 -c -fmessage-length=0 -MT"src/platform.o" -mcpu=cortex-a9 -mfpu=vfpv3 -mfloat-abi=hard -I../../mmult_bsp/ps7_cortexa9_0/include -MMD -MP -MF"src/platform.d" -MT"src/platform.o" -o "src/platform.o" "../src/platform.c"
Finished building: ../src/platform.c
 
Building file: ../src/platform_zynq.c
Invoking: ARM v7 gcc compiler
arm-none-eabi-gcc -Wall -O0 -g3 -c -fmessage-length=0 -MT"src/platform_zynq.o" -mcpu=cortex-a9 -mfpu=vfpv3 -mfloat-abi=hard -I../../mmult_bsp/ps7_cortexa9_0/include -MMD -MP -MF"src/platform_zynq.d" -MT"src/platform_zynq.o" -o "src/platform_zynq.o" "../src/platform_zynq.c"
Finished building: ../src/platform_zynq.c
 
Building file: ../src/platform_zynqmp.c
Invoking: ARM v7 gcc compiler
arm-none-eabi-gcc -Wall -O0 -g3 -c -fmessage-length=0 -MT"src/platform_zynqmp.o" -mcpu=cortex-a9 -mfpu=vfpv3 -mfloat-abi=hard -I../../mmult_bsp/ps7_cortexa9_0/include -MMD -MP -MF"src/platform_zynqmp.d" -MT"src/platform_zynqmp.o" -o "src/platform_zynqmp.o" "../src/platform_zynqmp.c"
Finished building: ../src/platform_zynqmp.c
 
Building target: mmult.elf
Invoking: ARM v7 gcc linker
arm-none-eabi-gcc -mcpu=cortex-a9 -mfpu=vfpv3 -mfloat-abi=hard -Wl,-build-id=none -specs=Xilinx.spec -Wl,-T -Wl,../src/lscript.ld -L../../mmult_bsp/ps7_cortexa9_0/lib -o "mmult.elf"  ./src/acc_base.o ./src/echo.o ./src/i2c_access.o ./src/iic_phyreset.o ./src/lib_xmmult_hw.o ./src/main.o ./src/platform.o ./src/platform_mb.o ./src/platform_ppc.o ./src/platform_zynq.o ./src/platform_zynqmp.o ./src/sfp.o ./src/si5324.o   -Wl,--start-group,-lxil,-lgcc,-lc,--end-group -Wl,--start-group,-lxil,-llwip4,-lgcc,-lc,--end-group
./src/platform_zynq.o: In function `init_platform':
C:\Umich\2nd_term\570\final_project\mult_acc_fully_work_zybo\try\xapp1170\xapp1170_2015v4\pre_built\vivado\project_1\project_1.sdk\mmult\Debug/../src/platform_zynq.c:216: multiple definition of `init_platform'
./src/platform.o:C:\Umich\2nd_term\570\final_project\mult_acc_fully_work_zybo\try\xapp1170\xapp1170_2015v4\pre_built\vivado\project_1\project_1.sdk\mmult\Debug/../src/platform.c:93: first defined here
./src/platform_zynq.o: In function `cleanup_platform':
C:\Umich\2nd_term\570\final_project\mult_acc_fully_work_zybo\try\xapp1170\xapp1170_2015v4\pre_built\vivado\project_1\project_1.sdk\mmult\Debug/../src/platform_zynq.c:224: multiple definition of `cleanup_platform'
./src/platform.o:C:\Umich\2nd_term\570\final_project\mult_acc_fully_work_zybo\try\xapp1170\xapp1170_2015v4\pre_built\vivado\project_1\project_1.sdk\mmult\Debug/../src/platform.c:109: first defined here
collect2.exe: error: ld returned 1 exit status
make: *** [mmult.elf] Error 1
15:44:07 **** Auto Build of configuration Debug for project mmult ****
make pre-build main-build 
a9-linaro-pre-build-step
 
Building file: ../src/platform.c
Invoking: ARM v7 gcc compiler
arm-none-eabi-gcc -Wall -O0 -g3 -c -fmessage-length=0 -MT"src/platform.o" -mcpu=cortex-a9 -mfpu=vfpv3 -mfloat-abi=hard -I../../mmult_bsp/ps7_cortexa9_0/include -MMD -MP -MF"src/platform.d" -MT"src/platform.o" -o "src/platform.o" "../src/platform.c"
../src/platform.c: In function 'init_platform':
../src/platform.c:103:2: warning: implicit declaration of function 'platform_setup_timer' [-Wimplicit-function-declaration]
  platform_setup_timer();
  ^~~~~~~~~~~~~~~~~~~~
../src/platform.c:104:2: warning: implicit declaration of function 'platform_setup_interrupts' [-Wimplicit-function-declaration]
  platform_setup_interrupts();
  ^~~~~~~~~~~~~~~~~~~~~~~~~
Finished building: ../src/platform.c
 
Building target: mmult.elf
Invoking: ARM v7 gcc linker
arm-none-eabi-gcc -mcpu=cortex-a9 -mfpu=vfpv3 -mfloat-abi=hard -Wl,-build-id=none -specs=Xilinx.spec -Wl,-T -Wl,../src/lscript.ld -L../../mmult_bsp/ps7_cortexa9_0/lib -o "mmult.elf"  ./src/acc_base.o ./src/echo.o ./src/i2c_access.o ./src/iic_phyreset.o ./src/lib_xmmult_hw.o ./src/main.o ./src/platform.o ./src/platform_mb.o ./src/platform_ppc.o ./src/platform_zynq.o ./src/platform_zynqmp.o ./src/sfp.o ./src/si5324.o   -Wl,--start-group,-lxil,-lgcc,-lc,--end-group -Wl,--start-group,-lxil,-llwip4,-lgcc,-lc,--end-group
./src/platform_zynq.o: In function `init_platform':
C:\Umich\2nd_term\570\final_project\mult_acc_fully_work_zybo\try\xapp1170\xapp1170_2015v4\pre_built\vivado\project_1\project_1.sdk\mmult\Debug/../src/platform_zynq.c:216: multiple definition of `init_platform'
./src/platform.o:C:\Umich\2nd_term\570\final_project\mult_acc_fully_work_zybo\try\xapp1170\xapp1170_2015v4\pre_built\vivado\project_1\project_1.sdk\mmult\Debug/../src/platform.c:93: first defined here
./src/platform_zynq.o: In function `cleanup_platform':
C:\Umich\2nd_term\570\final_project\mult_acc_fully_work_zybo\try\xapp1170\xapp1170_2015v4\pre_built\vivado\project_1\project_1.sdk\mmult\Debug/../src/platform_zynq.c:224: multiple definition of `cleanup_platform'
./src/platform.o:C:\Umich\2nd_term\570\final_project\mult_acc_fully_work_zybo\try\xapp1170\xapp1170_2015v4\pre_built\vivado\project_1\project_1.sdk\mmult\Debug/../src/platform.c:111: first defined here
collect2.exe: error: ld returned 1 exit status
make: *** [mmult.elf] Error 1
15:44:10 **** Auto Build of configuration Debug for project mmult ****
make pre-build main-build 
a9-linaro-pre-build-step
 
Building file: ../src/platform_zynq.c
Invoking: ARM v7 gcc compiler
arm-none-eabi-gcc -Wall -O0 -g3 -c -fmessage-length=0 -MT"src/platform_zynq.o" -mcpu=cortex-a9 -mfpu=vfpv3 -mfloat-abi=hard -I../../mmult_bsp/ps7_cortexa9_0/include -MMD -MP -MF"src/platform_zynq.d" -MT"src/platform_zynq.o" -o "src/platform_zynq.o" "../src/platform_zynq.c"
Finished building: ../src/platform_zynq.c
 
Building target: mmult.elf
Invoking: ARM v7 gcc linker
arm-none-eabi-gcc -mcpu=cortex-a9 -mfpu=vfpv3 -mfloat-abi=hard -Wl,-build-id=none -specs=Xilinx.spec -Wl,-T -Wl,../src/lscript.ld -L../../mmult_bsp/ps7_cortexa9_0/lib -o "mmult.elf"  ./src/acc_base.o ./src/echo.o ./src/i2c_access.o ./src/iic_phyreset.o ./src/lib_xmmult_hw.o ./src/main.o ./src/platform.o ./src/platform_mb.o ./src/platform_ppc.o ./src/platform_zynq.o ./src/platform_zynqmp.o ./src/sfp.o ./src/si5324.o   -Wl,--start-group,-lxil,-lgcc,-lc,--end-group -Wl,--start-group,-lxil,-llwip4,-lgcc,-lc,--end-group
Finished building target: mmult.elf
 
Invoking: ARM v7 Print Size
arm-none-eabi-size mmult.elf  |tee "mmult.elf.size"
   text	   data	    bss	    dec	    hex	filename
 111096	   3924	2156848	2271868	 22aa7c	mmult.elf
Finished building: mmult.elf.size
 
16:00:07 **** Auto Build of configuration Debug for project mmult ****
make pre-build main-build 
a9-linaro-pre-build-step
 
Building file: ../src/echo.c
Invoking: ARM v7 gcc compiler
arm-none-eabi-gcc -Wall -O0 -g3 -c -fmessage-length=0 -MT"src/echo.o" -mcpu=cortex-a9 -mfpu=vfpv3 -mfloat-abi=hard -I../../mmult_bsp/ps7_cortexa9_0/include -MMD -MP -MF"src/echo.d" -MT"src/echo.o" -o "src/echo.o" "../src/echo.c"
../src/echo.c: In function 'recv_callback':
../src/echo.c:66:2: error: 'conn' undeclared (first use in this function)
  conn = (int)(UINTPTR) arg;
  ^~~~
../src/echo.c:66:2: note: each undeclared identifier is reported only once for each function it appears in
make: *** [src/echo.o] Error 1
16:00:27 **** Auto Build of configuration Debug for project mmult ****
make pre-build main-build 
a9-linaro-pre-build-step
 
Building file: ../src/echo.c
Invoking: ARM v7 gcc compiler
arm-none-eabi-gcc -Wall -O0 -g3 -c -fmessage-length=0 -MT"src/echo.o" -mcpu=cortex-a9 -mfpu=vfpv3 -mfloat-abi=hard -I../../mmult_bsp/ps7_cortexa9_0/include -MMD -MP -MF"src/echo.d" -MT"src/echo.o" -o "src/echo.o" "../src/echo.c"
Finished building: ../src/echo.c
 
Building target: mmult.elf
Invoking: ARM v7 gcc linker
arm-none-eabi-gcc -mcpu=cortex-a9 -mfpu=vfpv3 -mfloat-abi=hard -Wl,-build-id=none -specs=Xilinx.spec -Wl,-T -Wl,../src/lscript.ld -L../../mmult_bsp/ps7_cortexa9_0/lib -o "mmult.elf"  ./src/acc_base.o ./src/echo.o ./src/i2c_access.o ./src/iic_phyreset.o ./src/lib_xmmult_hw.o ./src/main.o ./src/platform.o ./src/platform_mb.o ./src/platform_ppc.o ./src/platform_zynq.o ./src/platform_zynqmp.o ./src/sfp.o ./src/si5324.o   -Wl,--start-group,-lxil,-lgcc,-lc,--end-group -Wl,--start-group,-lxil,-llwip4,-lgcc,-lc,--end-group
Finished building target: mmult.elf
 
Invoking: ARM v7 Print Size
arm-none-eabi-size mmult.elf  |tee "mmult.elf.size"
   text	   data	    bss	    dec	    hex	filename
 111108	   3924	2156848	2271880	 22aa88	mmult.elf
Finished building: mmult.elf.size
 
16:01:54 **** Incremental Build of configuration Debug for project mmult ****
make pre-build main-build 
a9-linaro-pre-build-step
 
make: Nothing to be done for `main-build'.
16:03:47 **** Incremental Build of configuration Debug for project mmult ****
make pre-build main-build 
a9-linaro-pre-build-step
 
make: Nothing to be done for `main-build'.
16:07:00 **** Auto Build of configuration Debug for project mmult ****
make pre-build main-build 
a9-linaro-pre-build-step
 
Building file: ../src/acc_base.c
Invoking: ARM v7 gcc compiler
arm-none-eabi-gcc -Wall -O0 -g3 -c -fmessage-length=0 -MT"src/acc_base.o" -mcpu=cortex-a9 -mfpu=vfpv3 -mfloat-abi=hard -I../../mmult_bsp/ps7_cortexa9_0/include -MMD -MP -MF"src/acc_base.d" -MT"src/acc_base.o" -o "src/acc_base.o" "../src/acc_base.c"
../src/acc_base.c:59:0: warning: "SIZE" redefined
 #define SIZE      (DIM*DIM)
 
In file included from ../src/acc_base.c:54:0:
../src/lib_xmmult_hw.h:6:0: note: this is the location of the previous definition
 #define SIZE  ((DIM)*(DIM))
 
../src/acc_base.c: In function 'acc':
../src/acc_base.c:140:5: warning: this 'for' clause does not guard... [-Wmisleading-indentation]
     for (i = 0; i<10; i++)
     ^~~
../src/acc_base.c:145:2: note: ...this statement, but the latter is misleadingly indented as if it is guarded by the 'for'
  status = init_dma();
  ^~~~~~
../src/acc_base.c:197:4: warning: implicit declaration of function 'matrix_multiply_ref' [-Wimplicit-function-declaration]
    matrix_multiply_ref(A, B, res_sw);
    ^~~~~~~~~~~~~~~~~~~
../src/acc_base.c:211:4: warning: implicit declaration of function 'Start_HW_Accelerator' [-Wimplicit-function-declaration]
    Start_HW_Accelerator();
    ^~~~~~~~~~~~~~~~~~~~
Finished building: ../src/acc_base.c
 
Building file: ../src/lib_xmmult_hw.c
Invoking: ARM v7 gcc compiler
arm-none-eabi-gcc -Wall -O0 -g3 -c -fmessage-length=0 -MT"src/lib_xmmult_hw.o" -mcpu=cortex-a9 -mfpu=vfpv3 -mfloat-abi=hard -I../../mmult_bsp/ps7_cortexa9_0/include -MMD -MP -MF"src/lib_xmmult_hw.d" -MT"src/lib_xmmult_hw.o" -o "src/lib_xmmult_hw.o" "../src/lib_xmmult_hw.c"
In file included from ../../mmult_bsp/ps7_cortexa9_0/include/xscugic.h:193:0,
                 from ../src/lib_xmmult_hw.c:6:
../src/lib_xmmult_hw.c: In function 'Start_HW_Accelerator':
../../mmult_bsp/ps7_cortexa9_0/include/xstatus.h:65:41: warning: 'return' with a value, in function returning void
 #define XST_FAILURE                     1L
                                         ^
../src/lib_xmmult_hw.c:152:10: note: in expansion of macro 'XST_FAILURE'
   return XST_FAILURE;
          ^~~~~~~~~~~
../src/lib_xmmult_hw.c:147:6: note: declared here
 void Start_HW_Accelerator(void)
      ^~~~~~~~~~~~~~~~~~~~
In file included from ../../mmult_bsp/ps7_cortexa9_0/include/xscugic.h:193:0,
                 from ../src/lib_xmmult_hw.c:6:
../../mmult_bsp/ps7_cortexa9_0/include/xstatus.h:65:41: warning: 'return' with a value, in function returning void
 #define XST_FAILURE                     1L
                                         ^
../src/lib_xmmult_hw.c:157:10: note: in expansion of macro 'XST_FAILURE'
   return XST_FAILURE;
          ^~~~~~~~~~~
../src/lib_xmmult_hw.c:147:6: note: declared here
 void Start_HW_Accelerator(void)
      ^~~~~~~~~~~~~~~~~~~~
Finished building: ../src/lib_xmmult_hw.c
 
Building file: ../src/main.c
Invoking: ARM v7 gcc compiler
arm-none-eabi-gcc -Wall -O0 -g3 -c -fmessage-length=0 -MT"src/main.o" -mcpu=cortex-a9 -mfpu=vfpv3 -mfloat-abi=hard -I../../mmult_bsp/ps7_cortexa9_0/include -MMD -MP -MF"src/main.d" -MT"src/main.o" -o "src/main.o" "../src/main.c"
Finished building: ../src/main.c
 
Building target: mmult.elf
Invoking: ARM v7 gcc linker
arm-none-eabi-gcc -mcpu=cortex-a9 -mfpu=vfpv3 -mfloat-abi=hard -Wl,-build-id=none -specs=Xilinx.spec -Wl,-T -Wl,../src/lscript.ld -L../../mmult_bsp/ps7_cortexa9_0/lib -o "mmult.elf"  ./src/acc_base.o ./src/echo.o ./src/i2c_access.o ./src/iic_phyreset.o ./src/lib_xmmult_hw.o ./src/main.o ./src/platform.o ./src/platform_mb.o ./src/platform_ppc.o ./src/platform_zynq.o ./src/platform_zynqmp.o ./src/sfp.o ./src/si5324.o   -Wl,--start-group,-lxil,-lgcc,-lc,--end-group -Wl,--start-group,-lxil,-llwip4,-lgcc,-lc,--end-group
Finished building target: mmult.elf
 
Invoking: ARM v7 Print Size
arm-none-eabi-size mmult.elf  |tee "mmult.elf.size"
   text	   data	    bss	    dec	    hex	filename
 111108	   3924	2156848	2271880	 22aa88	mmult.elf
Finished building: mmult.elf.size
 
16:07:17 **** Auto Build of configuration Debug for project mmult ****
make pre-build main-build 
a9-linaro-pre-build-step
 
Building file: ../src/echo.c
Invoking: ARM v7 gcc compiler
arm-none-eabi-gcc -Wall -O0 -g3 -c -fmessage-length=0 -MT"src/echo.o" -mcpu=cortex-a9 -mfpu=vfpv3 -mfloat-abi=hard -I../../mmult_bsp/ps7_cortexa9_0/include -MMD -MP -MF"src/echo.d" -MT"src/echo.o" -o "src/echo.o" "../src/echo.c"
Finished building: ../src/echo.c
 
Building target: mmult.elf
Invoking: ARM v7 gcc linker
arm-none-eabi-gcc -mcpu=cortex-a9 -mfpu=vfpv3 -mfloat-abi=hard -Wl,-build-id=none -specs=Xilinx.spec -Wl,-T -Wl,../src/lscript.ld -L../../mmult_bsp/ps7_cortexa9_0/lib -o "mmult.elf"  ./src/acc_base.o ./src/echo.o ./src/i2c_access.o ./src/iic_phyreset.o ./src/lib_xmmult_hw.o ./src/main.o ./src/platform.o ./src/platform_mb.o ./src/platform_ppc.o ./src/platform_zynq.o ./src/platform_zynqmp.o ./src/sfp.o ./src/si5324.o   -Wl,--start-group,-lxil,-lgcc,-lc,--end-group -Wl,--start-group,-lxil,-llwip4,-lgcc,-lc,--end-group
Finished building target: mmult.elf
 
Invoking: ARM v7 Print Size
arm-none-eabi-size mmult.elf  |tee "mmult.elf.size"
   text	   data	    bss	    dec	    hex	filename
 111108	   3924	2156848	2271880	 22aa88	mmult.elf
Finished building: mmult.elf.size
 
16:09:12 **** Incremental Build of configuration Debug for project mmult ****
make pre-build main-build 
a9-linaro-pre-build-step
 
make: Nothing to be done for `main-build'.
16:11:53 **** Auto Build of configuration Debug for project mmult ****
make pre-build main-build 
a9-linaro-pre-build-step
 
Building file: ../src/echo.c
Invoking: ARM v7 gcc compiler
arm-none-eabi-gcc -Wall -O0 -g3 -c -fmessage-length=0 -MT"src/echo.o" -mcpu=cortex-a9 -mfpu=vfpv3 -mfloat-abi=hard -I../../mmult_bsp/ps7_cortexa9_0/include -MMD -MP -MF"src/echo.d" -MT"src/echo.o" -o "src/echo.o" "../src/echo.c"
Finished building: ../src/echo.c
 
Building target: mmult.elf
Invoking: ARM v7 gcc linker
arm-none-eabi-gcc -mcpu=cortex-a9 -mfpu=vfpv3 -mfloat-abi=hard -Wl,-build-id=none -specs=Xilinx.spec -Wl,-T -Wl,../src/lscript.ld -L../../mmult_bsp/ps7_cortexa9_0/lib -o "mmult.elf"  ./src/acc_base.o ./src/echo.o ./src/i2c_access.o ./src/iic_phyreset.o ./src/lib_xmmult_hw.o ./src/main.o ./src/platform.o ./src/platform_mb.o ./src/platform_ppc.o ./src/platform_zynq.o ./src/platform_zynqmp.o ./src/sfp.o ./src/si5324.o   -Wl,--start-group,-lxil,-lgcc,-lc,--end-group -Wl,--start-group,-lxil,-llwip4,-lgcc,-lc,--end-group
Finished building target: mmult.elf
 
Invoking: ARM v7 Print Size
arm-none-eabi-size mmult.elf  |tee "mmult.elf.size"
   text	   data	    bss	    dec	    hex	filename
 111184	   3924	2156848	2271956	 22aad4	mmult.elf
Finished building: mmult.elf.size
 
16:12:03 **** Incremental Build of configuration Debug for project mmult ****
make pre-build main-build 
a9-linaro-pre-build-step
 
make: Nothing to be done for `main-build'.
16:14:06 **** Auto Build of configuration Debug for project mmult ****
make pre-build main-build 
a9-linaro-pre-build-step
 
Building file: ../src/main.c
Invoking: ARM v7 gcc compiler
arm-none-eabi-gcc -Wall -O0 -g3 -c -fmessage-length=0 -MT"src/main.o" -mcpu=cortex-a9 -mfpu=vfpv3 -mfloat-abi=hard -I../../mmult_bsp/ps7_cortexa9_0/include -MMD -MP -MF"src/main.d" -MT"src/main.o" -o "src/main.o" "../src/main.c"
Finished building: ../src/main.c
 
Building target: mmult.elf
Invoking: ARM v7 gcc linker
arm-none-eabi-gcc -mcpu=cortex-a9 -mfpu=vfpv3 -mfloat-abi=hard -Wl,-build-id=none -specs=Xilinx.spec -Wl,-T -Wl,../src/lscript.ld -L../../mmult_bsp/ps7_cortexa9_0/lib -o "mmult.elf"  ./src/acc_base.o ./src/echo.o ./src/i2c_access.o ./src/iic_phyreset.o ./src/lib_xmmult_hw.o ./src/main.o ./src/platform.o ./src/platform_mb.o ./src/platform_ppc.o ./src/platform_zynq.o ./src/platform_zynqmp.o ./src/sfp.o ./src/si5324.o   -Wl,--start-group,-lxil,-lgcc,-lc,--end-group -Wl,--start-group,-lxil,-llwip4,-lgcc,-lc,--end-group
Finished building target: mmult.elf
 
Invoking: ARM v7 Print Size
arm-none-eabi-size mmult.elf  |tee "mmult.elf.size"
   text	   data	    bss	    dec	    hex	filename
 111196	   3924	2156848	2271968	 22aae0	mmult.elf
Finished building: mmult.elf.size
 
16:14:15 **** Incremental Build of configuration Debug for project mmult ****
make pre-build main-build 
a9-linaro-pre-build-step
 
make: Nothing to be done for `main-build'.
16:17:08 **** Auto Build of configuration Debug for project mmult ****
make pre-build main-build 
a9-linaro-pre-build-step
 
Building file: ../src/main.c
Invoking: ARM v7 gcc compiler
arm-none-eabi-gcc -Wall -O0 -g3 -c -fmessage-length=0 -MT"src/main.o" -mcpu=cortex-a9 -mfpu=vfpv3 -mfloat-abi=hard -I../../mmult_bsp/ps7_cortexa9_0/include -MMD -MP -MF"src/main.d" -MT"src/main.o" -o "src/main.o" "../src/main.c"
Finished building: ../src/main.c
 
Building target: mmult.elf
Invoking: ARM v7 gcc linker
arm-none-eabi-gcc -mcpu=cortex-a9 -mfpu=vfpv3 -mfloat-abi=hard -Wl,-build-id=none -specs=Xilinx.spec -Wl,-T -Wl,../src/lscript.ld -L../../mmult_bsp/ps7_cortexa9_0/lib -o "mmult.elf"  ./src/acc_base.o ./src/echo.o ./src/i2c_access.o ./src/iic_phyreset.o ./src/lib_xmmult_hw.o ./src/main.o ./src/platform.o ./src/platform_mb.o ./src/platform_ppc.o ./src/platform_zynq.o ./src/platform_zynqmp.o ./src/sfp.o ./src/si5324.o   -Wl,--start-group,-lxil,-lgcc,-lc,--end-group -Wl,--start-group,-lxil,-llwip4,-lgcc,-lc,--end-group
Finished building target: mmult.elf
 
Invoking: ARM v7 Print Size
arm-none-eabi-size mmult.elf  |tee "mmult.elf.size"
   text	   data	    bss	    dec	    hex	filename
 111276	   3924	2156848	2272048	 22ab30	mmult.elf
Finished building: mmult.elf.size
 
16:17:15 **** Incremental Build of configuration Debug for project mmult ****
make pre-build main-build 
a9-linaro-pre-build-step
 
make: Nothing to be done for `main-build'.
16:17:47 **** Auto Build of configuration Debug for project mmult ****
make pre-build main-build 
a9-linaro-pre-build-step
 
Building file: ../src/main.c
Invoking: ARM v7 gcc compiler
arm-none-eabi-gcc -Wall -O0 -g3 -c -fmessage-length=0 -MT"src/main.o" -mcpu=cortex-a9 -mfpu=vfpv3 -mfloat-abi=hard -I../../mmult_bsp/ps7_cortexa9_0/include -MMD -MP -MF"src/main.d" -MT"src/main.o" -o "src/main.o" "../src/main.c"
Finished building: ../src/main.c
 
Building target: mmult.elf
Invoking: ARM v7 gcc linker
arm-none-eabi-gcc -mcpu=cortex-a9 -mfpu=vfpv3 -mfloat-abi=hard -Wl,-build-id=none -specs=Xilinx.spec -Wl,-T -Wl,../src/lscript.ld -L../../mmult_bsp/ps7_cortexa9_0/lib -o "mmult.elf"  ./src/acc_base.o ./src/echo.o ./src/i2c_access.o ./src/iic_phyreset.o ./src/lib_xmmult_hw.o ./src/main.o ./src/platform.o ./src/platform_mb.o ./src/platform_ppc.o ./src/platform_zynq.o ./src/platform_zynqmp.o ./src/sfp.o ./src/si5324.o   -Wl,--start-group,-lxil,-lgcc,-lc,--end-group -Wl,--start-group,-lxil,-llwip4,-lgcc,-lc,--end-group
Finished building target: mmult.elf
 
Invoking: ARM v7 Print Size
arm-none-eabi-size mmult.elf  |tee "mmult.elf.size"
   text	   data	    bss	    dec	    hex	filename
 111280	   3924	2156848	2272052	 22ab34	mmult.elf
Finished building: mmult.elf.size
 
16:17:54 **** Incremental Build of configuration Debug for project mmult ****
make pre-build main-build 
a9-linaro-pre-build-step
 
make: Nothing to be done for `main-build'.
16:19:00 **** Auto Build of configuration Debug for project mmult ****
make pre-build main-build 
a9-linaro-pre-build-step
 
Building file: ../src/main.c
Invoking: ARM v7 gcc compiler
arm-none-eabi-gcc -Wall -O0 -g3 -c -fmessage-length=0 -MT"src/main.o" -mcpu=cortex-a9 -mfpu=vfpv3 -mfloat-abi=hard -I../../mmult_bsp/ps7_cortexa9_0/include -MMD -MP -MF"src/main.d" -MT"src/main.o" -o "src/main.o" "../src/main.c"
Finished building: ../src/main.c
 
Building target: mmult.elf
Invoking: ARM v7 gcc linker
arm-none-eabi-gcc -mcpu=cortex-a9 -mfpu=vfpv3 -mfloat-abi=hard -Wl,-build-id=none -specs=Xilinx.spec -Wl,-T -Wl,../src/lscript.ld -L../../mmult_bsp/ps7_cortexa9_0/lib -o "mmult.elf"  ./src/acc_base.o ./src/echo.o ./src/i2c_access.o ./src/iic_phyreset.o ./src/lib_xmmult_hw.o ./src/main.o ./src/platform.o ./src/platform_mb.o ./src/platform_ppc.o ./src/platform_zynq.o ./src/platform_zynqmp.o ./src/sfp.o ./src/si5324.o   -Wl,--start-group,-lxil,-lgcc,-lc,--end-group -Wl,--start-group,-lxil,-llwip4,-lgcc,-lc,--end-group
Finished building target: mmult.elf
 
Invoking: ARM v7 Print Size
arm-none-eabi-size mmult.elf  |tee "mmult.elf.size"
   text	   data	    bss	    dec	    hex	filename
 111272	   3924	2156848	2272044	 22ab2c	mmult.elf
Finished building: mmult.elf.size
 
16:20:26 **** Auto Build of configuration Debug for project mmult ****
make pre-build main-build 
a9-linaro-pre-build-step
 
Building file: ../src/main.c
Invoking: ARM v7 gcc compiler
arm-none-eabi-gcc -Wall -O0 -g3 -c -fmessage-length=0 -MT"src/main.o" -mcpu=cortex-a9 -mfpu=vfpv3 -mfloat-abi=hard -I../../mmult_bsp/ps7_cortexa9_0/include -MMD -MP -MF"src/main.d" -MT"src/main.o" -o "src/main.o" "../src/main.c"
../src/main.c: In function 'main':
../src/main.c:108:16: warning: unused variable 'mac_ethernet_address' [-Wunused-variable]
  unsigned char mac_ethernet_address[] =
                ^~~~~~~~~~~~~~~~~~~~
Finished building: ../src/main.c
 
Building target: mmult.elf
Invoking: ARM v7 gcc linker
arm-none-eabi-gcc -mcpu=cortex-a9 -mfpu=vfpv3 -mfloat-abi=hard -Wl,-build-id=none -specs=Xilinx.spec -Wl,-T -Wl,../src/lscript.ld -L../../mmult_bsp/ps7_cortexa9_0/lib -o "mmult.elf"  ./src/acc_base.o ./src/echo.o ./src/i2c_access.o ./src/iic_phyreset.o ./src/lib_xmmult_hw.o ./src/main.o ./src/platform.o ./src/platform_mb.o ./src/platform_ppc.o ./src/platform_zynq.o ./src/platform_zynqmp.o ./src/sfp.o ./src/si5324.o   -Wl,--start-group,-lxil,-lgcc,-lc,--end-group -Wl,--start-group,-lxil,-llwip4,-lgcc,-lc,--end-group
Finished building target: mmult.elf
 
Invoking: ARM v7 Print Size
arm-none-eabi-size mmult.elf  |tee "mmult.elf.size"
   text	   data	    bss	    dec	    hex	filename
 111112	   3924	2156848	2271884	 22aa8c	mmult.elf
Finished building: mmult.elf.size
 
16:20:34 **** Incremental Build of configuration Debug for project mmult ****
make pre-build main-build 
a9-linaro-pre-build-step
 
make: Nothing to be done for `main-build'.
16:21:26 **** Auto Build of project mmult_bsp ****
make -k all 
"Running Make include in ps7_cortexa9_0/libsrc/axidma_v9_5/src"
make -C ps7_cortexa9_0/libsrc/axidma_v9_5/src -s include  "SHELL=CMD" "COMPILER=arm-none-eabi-gcc" "ARCHIVER=arm-none-eabi-ar" "COMPILER_FLAGS=  -O2 -c" "EXTRA_COMPILER_FLAGS=-mcpu=cortex-a9 -mfpu=vfpv3 -mfloat-abi=hard -nostartfiles -Wall -Wextra"
"Running Make include in ps7_cortexa9_0/libsrc/coresightps_dcc_v1_4/src"
make -C ps7_cortexa9_0/libsrc/coresightps_dcc_v1_4/src -s include  "SHELL=CMD" "COMPILER=arm-none-eabi-gcc" "ARCHIVER=arm-none-eabi-ar" "COMPILER_FLAGS=  -O2 -c" "EXTRA_COMPILER_FLAGS=-mcpu=cortex-a9 -mfpu=vfpv3 -mfloat-abi=hard -nostartfiles -Wall -Wextra"
"Running Make include in ps7_cortexa9_0/libsrc/cpu_cortexa9_v2_5/src"
make -C ps7_cortexa9_0/libsrc/cpu_cortexa9_v2_5/src -s include  "SHELL=CMD" "COMPILER=arm-none-eabi-gcc" "ARCHIVER=arm-none-eabi-ar" "COMPILER_FLAGS=  -O2 -c" "EXTRA_COMPILER_FLAGS=-mcpu=cortex-a9 -mfpu=vfpv3 -mfloat-abi=hard -nostartfiles -Wall -Wextra"
"Running Make include in ps7_cortexa9_0/libsrc/ddrps_v1_0/src"
make -C ps7_cortexa9_0/libsrc/ddrps_v1_0/src -s include  "SHELL=CMD" "COMPILER=arm-none-eabi-gcc" "ARCHIVER=arm-none-eabi-ar" "COMPILER_FLAGS=  -O2 -c" "EXTRA_COMPILER_FLAGS=-mcpu=cortex-a9 -mfpu=vfpv3 -mfloat-abi=hard -nostartfiles -Wall -Wextra"
"Running Make include in ps7_cortexa9_0/libsrc/devcfg_v3_5/src"
make -C ps7_cortexa9_0/libsrc/devcfg_v3_5/src -s include  "SHELL=CMD" "COMPILER=arm-none-eabi-gcc" "ARCHIVER=arm-none-eabi-ar" "COMPILER_FLAGS=  -O2 -c" "EXTRA_COMPILER_FLAGS=-mcpu=cortex-a9 -mfpu=vfpv3 -mfloat-abi=hard -nostartfiles -Wall -Wextra"
"Running Make include in ps7_cortexa9_0/libsrc/dmaps_v2_3/src"
make -C ps7_cortexa9_0/libsrc/dmaps_v2_3/src -s include  "SHELL=CMD" "COMPILER=arm-none-eabi-gcc" "ARCHIVER=arm-none-eabi-ar" "COMPILER_FLAGS=  -O2 -c" "EXTRA_COMPILER_FLAGS=-mcpu=cortex-a9 -mfpu=vfpv3 -mfloat-abi=hard -nostartfiles -Wall -Wextra"
"Running Make include in ps7_cortexa9_0/libsrc/emacps_v3_6/src"
make -C ps7_cortexa9_0/libsrc/emacps_v3_6/src -s include  "SHELL=CMD" "COMPILER=arm-none-eabi-gcc" "ARCHIVER=arm-none-eabi-ar" "COMPILER_FLAGS=  -O2 -c" "EXTRA_COMPILER_FLAGS=-mcpu=cortex-a9 -mfpu=vfpv3 -mfloat-abi=hard -nostartfiles -Wall -Wextra"
"Running Make include in ps7_cortexa9_0/libsrc/gpiops_v3_3/src"
make -C ps7_cortexa9_0/libsrc/gpiops_v3_3/src -s include  "SHELL=CMD" "COMPILER=arm-none-eabi-gcc" "ARCHIVER=arm-none-eabi-ar" "COMPILER_FLAGS=  -O2 -c" "EXTRA_COMPILER_FLAGS=-mcpu=cortex-a9 -mfpu=vfpv3 -mfloat-abi=hard -nostartfiles -Wall -Wextra"
"Running Make include in ps7_cortexa9_0/libsrc/HLS_accel_v1_0/src"
make -C ps7_cortexa9_0/libsrc/HLS_accel_v1_0/src -s include  "SHELL=CMD" "COMPILER=arm-none-eabi-gcc" "ARCHIVER=arm-none-eabi-ar" "COMPILER_FLAGS=  -O2 -c" "EXTRA_COMPILER_FLAGS=-mcpu=cortex-a9 -mfpu=vfpv3 -mfloat-abi=hard -nostartfiles -Wall -Wextra"
"Running Make include in ps7_cortexa9_0/libsrc/lwip141_v2_0/src"
make -C ps7_cortexa9_0/libsrc/lwip141_v2_0/src -s include  "SHELL=CMD" "COMPILER=arm-none-eabi-gcc" "ARCHIVER=arm-none-eabi-ar" "COMPILER_FLAGS=  -O2 -c" "EXTRA_COMPILER_FLAGS=-mcpu=cortex-a9 -mfpu=vfpv3 -mfloat-abi=hard -nostartfiles -Wall -Wextra"
"Running Make include in ps7_cortexa9_0/libsrc/qspips_v3_4/src"
make -C ps7_cortexa9_0/libsrc/qspips_v3_4/src -s include  "SHELL=CMD" "COMPILER=arm-none-eabi-gcc" "ARCHIVER=arm-none-eabi-ar" "COMPILER_FLAGS=  -O2 -c" "EXTRA_COMPILER_FLAGS=-mcpu=cortex-a9 -mfpu=vfpv3 -mfloat-abi=hard -nostartfiles -Wall -Wextra"
"Running Make include in ps7_cortexa9_0/libsrc/scugic_v3_8/src"
make -C ps7_cortexa9_0/libsrc/scugic_v3_8/src -s include  "SHELL=CMD" "COMPILER=arm-none-eabi-gcc" "ARCHIVER=arm-none-eabi-ar" "COMPILER_FLAGS=  -O2 -c" "EXTRA_COMPILER_FLAGS=-mcpu=cortex-a9 -mfpu=vfpv3 -mfloat-abi=hard -nostartfiles -Wall -Wextra"
"Running Make include in ps7_cortexa9_0/libsrc/scutimer_v2_1/src"
make -C ps7_cortexa9_0/libsrc/scutimer_v2_1/src -s include  "SHELL=CMD" "COMPILER=arm-none-eabi-gcc" "ARCHIVER=arm-none-eabi-ar" "COMPILER_FLAGS=  -O2 -c" "EXTRA_COMPILER_FLAGS=-mcpu=cortex-a9 -mfpu=vfpv3 -mfloat-abi=hard -nostartfiles -Wall -Wextra"
"Running Make include in ps7_cortexa9_0/libsrc/scuwdt_v2_1/src"
make -C ps7_cortexa9_0/libsrc/scuwdt_v2_1/src -s include  "SHELL=CMD" "COMPILER=arm-none-eabi-gcc" "ARCHIVER=arm-none-eabi-ar" "COMPILER_FLAGS=  -O2 -c" "EXTRA_COMPILER_FLAGS=-mcpu=cortex-a9 -mfpu=vfpv3 -mfloat-abi=hard -nostartfiles -Wall -Wextra"
"Running Make include in ps7_cortexa9_0/libsrc/sdps_v3_3/src"
make -C ps7_cortexa9_0/libsrc/sdps_v3_3/src -s include  "SHELL=CMD" "COMPILER=arm-none-eabi-gcc" "ARCHIVER=arm-none-eabi-ar" "COMPILER_FLAGS=  -O2 -c" "EXTRA_COMPILER_FLAGS=-mcpu=cortex-a9 -mfpu=vfpv3 -mfloat-abi=hard -nostartfiles -Wall -Wextra"
"Running Make include in ps7_cortexa9_0/libsrc/standalone_v6_5/src"
make -C ps7_cortexa9_0/libsrc/standalone_v6_5/src -s include  "SHELL=CMD" "COMPILER=arm-none-eabi-gcc" "ARCHIVER=arm-none-eabi-ar" "COMPILER_FLAGS=  -O2 -c" "EXTRA_COMPILER_FLAGS=-mcpu=cortex-a9 -mfpu=vfpv3 -mfloat-abi=hard -nostartfiles -Wall -Wextra"
"Running Make include in ps7_cortexa9_0/libsrc/tmrctr_v4_4/src"
make -C ps7_cortexa9_0/libsrc/tmrctr_v4_4/src -s include  "SHELL=CMD" "COMPILER=arm-none-eabi-gcc" "ARCHIVER=arm-none-eabi-ar" "COMPILER_FLAGS=  -O2 -c" "EXTRA_COMPILER_FLAGS=-mcpu=cortex-a9 -mfpu=vfpv3 -mfloat-abi=hard -nostartfiles -Wall -Wextra"
"Running Make include in ps7_cortexa9_0/libsrc/uartps_v3_5/src"
make -C ps7_cortexa9_0/libsrc/uartps_v3_5/src -s include  "SHELL=CMD" "COMPILER=arm-none-eabi-gcc" "ARCHIVER=arm-none-eabi-ar" "COMPILER_FLAGS=  -O2 -c" "EXTRA_COMPILER_FLAGS=-mcpu=cortex-a9 -mfpu=vfpv3 -mfloat-abi=hard -nostartfiles -Wall -Wextra"
"Running Make include in ps7_cortexa9_0/libsrc/usbps_v2_4/src"
make -C ps7_cortexa9_0/libsrc/usbps_v2_4/src -s include  "SHELL=CMD" "COMPILER=arm-none-eabi-gcc" "ARCHIVER=arm-none-eabi-ar" "COMPILER_FLAGS=  -O2 -c" "EXTRA_COMPILER_FLAGS=-mcpu=cortex-a9 -mfpu=vfpv3 -mfloat-abi=hard -nostartfiles -Wall -Wextra"
"Running Make include in ps7_cortexa9_0/libsrc/xadcps_v2_2/src"
make -C ps7_cortexa9_0/libsrc/xadcps_v2_2/src -s include  "SHELL=CMD" "COMPILER=arm-none-eabi-gcc" "ARCHIVER=arm-none-eabi-ar" "COMPILER_FLAGS=  -O2 -c" "EXTRA_COMPILER_FLAGS=-mcpu=cortex-a9 -mfpu=vfpv3 -mfloat-abi=hard -nostartfiles -Wall -Wextra"
"Running Make libs in ps7_cortexa9_0/libsrc/axidma_v9_5/src"
make -C ps7_cortexa9_0/libsrc/axidma_v9_5/src -s libs  "SHELL=CMD" "COMPILER=arm-none-eabi-gcc" "ARCHIVER=arm-none-eabi-ar" "COMPILER_FLAGS=  -O2 -c" "EXTRA_COMPILER_FLAGS=-mcpu=cortex-a9 -mfpu=vfpv3 -mfloat-abi=hard -nostartfiles -Wall -Wextra"
"Compiling axidma"
arm-none-eabi-ar: creating ../../../lib/libxil.a
"Running Make libs in ps7_cortexa9_0/libsrc/coresightps_dcc_v1_4/src"
make -C ps7_cortexa9_0/libsrc/coresightps_dcc_v1_4/src -s libs  "SHELL=CMD" "COMPILER=arm-none-eabi-gcc" "ARCHIVER=arm-none-eabi-ar" "COMPILER_FLAGS=  -O2 -c" "EXTRA_COMPILER_FLAGS=-mcpu=cortex-a9 -mfpu=vfpv3 -mfloat-abi=hard -nostartfiles -Wall -Wextra"
"Compiling coresightps_dcc"
"Running Make libs in ps7_cortexa9_0/libsrc/cpu_cortexa9_v2_5/src"
make -C ps7_cortexa9_0/libsrc/cpu_cortexa9_v2_5/src -s libs  "SHELL=CMD" "COMPILER=arm-none-eabi-gcc" "ARCHIVER=arm-none-eabi-ar" "COMPILER_FLAGS=  -O2 -c" "EXTRA_COMPILER_FLAGS=-mcpu=cortex-a9 -mfpu=vfpv3 -mfloat-abi=hard -nostartfiles -Wall -Wextra"
"Compiling cpu_cortexa9"
"Running Make libs in ps7_cortexa9_0/libsrc/ddrps_v1_0/src"
make -C ps7_cortexa9_0/libsrc/ddrps_v1_0/src -s libs  "SHELL=CMD" "COMPILER=arm-none-eabi-gcc" "ARCHIVER=arm-none-eabi-ar" "COMPILER_FLAGS=  -O2 -c" "EXTRA_COMPILER_FLAGS=-mcpu=cortex-a9 -mfpu=vfpv3 -mfloat-abi=hard -nostartfiles -Wall -Wextra"
"Compiling ddrps"
"Running Make libs in ps7_cortexa9_0/libsrc/devcfg_v3_5/src"
make -C ps7_cortexa9_0/libsrc/devcfg_v3_5/src -s libs  "SHELL=CMD" "COMPILER=arm-none-eabi-gcc" "ARCHIVER=arm-none-eabi-ar" "COMPILER_FLAGS=  -O2 -c" "EXTRA_COMPILER_FLAGS=-mcpu=cortex-a9 -mfpu=vfpv3 -mfloat-abi=hard -nostartfiles -Wall -Wextra"
"Compiling devcfg"
"Running Make libs in ps7_cortexa9_0/libsrc/dmaps_v2_3/src"
make -C ps7_cortexa9_0/libsrc/dmaps_v2_3/src -s libs  "SHELL=CMD" "COMPILER=arm-none-eabi-gcc" "ARCHIVER=arm-none-eabi-ar" "COMPILER_FLAGS=  -O2 -c" "EXTRA_COMPILER_FLAGS=-mcpu=cortex-a9 -mfpu=vfpv3 -mfloat-abi=hard -nostartfiles -Wall -Wextra"
"Compiling dmaps"
"Running Make libs in ps7_cortexa9_0/libsrc/emacps_v3_6/src"
make -C ps7_cortexa9_0/libsrc/emacps_v3_6/src -s libs  "SHELL=CMD" "COMPILER=arm-none-eabi-gcc" "ARCHIVER=arm-none-eabi-ar" "COMPILER_FLAGS=  -O2 -c" "EXTRA_COMPILER_FLAGS=-mcpu=cortex-a9 -mfpu=vfpv3 -mfloat-abi=hard -nostartfiles -Wall -Wextra"
"Compiling emacps"
"Running Make libs in ps7_cortexa9_0/libsrc/gpiops_v3_3/src"
make -C ps7_cortexa9_0/libsrc/gpiops_v3_3/src -s libs  "SHELL=CMD" "COMPILER=arm-none-eabi-gcc" "ARCHIVER=arm-none-eabi-ar" "COMPILER_FLAGS=  -O2 -c" "EXTRA_COMPILER_FLAGS=-mcpu=cortex-a9 -mfpu=vfpv3 -mfloat-abi=hard -nostartfiles -Wall -Wextra"
"Compiling gpiops"
"Running Make libs in ps7_cortexa9_0/libsrc/HLS_accel_v1_0/src"
make -C ps7_cortexa9_0/libsrc/HLS_accel_v1_0/src -s libs  "SHELL=CMD" "COMPILER=arm-none-eabi-gcc" "ARCHIVER=arm-none-eabi-ar" "COMPILER_FLAGS=  -O2 -c" "EXTRA_COMPILER_FLAGS=-mcpu=cortex-a9 -mfpu=vfpv3 -mfloat-abi=hard -nostartfiles -Wall -Wextra"
"Compiling HLS_accel"
"Running Make libs in ps7_cortexa9_0/libsrc/lwip141_v2_0/src"
make -C ps7_cortexa9_0/libsrc/lwip141_v2_0/src -s libs  "SHELL=CMD" "COMPILER=arm-none-eabi-gcc" "ARCHIVER=arm-none-eabi-ar" "COMPILER_FLAGS=  -O2 -c" "EXTRA_COMPILER_FLAGS=-mcpu=cortex-a9 -mfpu=vfpv3 -mfloat-abi=hard -nostartfiles -Wall -Wextra"
"Compiling lwip src and adapter files"
In file included from ../../../include/xemacps.h:348:0,
                 from ../../../include/netif/xemacpsif.h:59,
                 from contrib/ports/xilinx/netif/xemacpsif_dma.c:39:
contrib/ports/xilinx/netif/xemacpsif_dma.c: In function 'init_dma':
../../../include/xemacps_bd.h:163:62: warning: 'bdrxterminate' may be used uninitialized in this function [-Wmaybe-uninitialized]
     (*(u32 *)((UINTPTR)(void*)(BaseAddress) + (u32)(Offset)) = (u32)(Data))
                                                              ^
contrib/ports/xilinx/netif/xemacpsif_dma.c:558:14: note: 'bdrxterminate' was declared here
  XEmacPs_Bd *bdrxterminate;
              ^~~~~~~~~~~~~
In file included from ../../../include/xemacps.h:348:0,
                 from ../../../include/netif/xemacpsif.h:59,
                 from contrib/ports/xilinx/netif/xemacpsif_dma.c:39:
../../../include/xemacps_bd.h:163:15: warning: 'bdtxterminate' may be used uninitialized in this function [-Wmaybe-uninitialized]
     (*(u32 *)((UINTPTR)(void*)(BaseAddress) + (u32)(Offset)) = (u32)(Data))
               ^
contrib/ports/xilinx/netif/xemacpsif_dma.c:557:14: note: 'bdtxterminate' was declared here
  XEmacPs_Bd *bdtxterminate;
              ^~~~~~~~~~~~~
"Running Make libs in ps7_cortexa9_0/libsrc/qspips_v3_4/src"
make -C ps7_cortexa9_0/libsrc/qspips_v3_4/src -s libs  "SHELL=CMD" "COMPILER=arm-none-eabi-gcc" "ARCHIVER=arm-none-eabi-ar" "COMPILER_FLAGS=  -O2 -c" "EXTRA_COMPILER_FLAGS=-mcpu=cortex-a9 -mfpu=vfpv3 -mfloat-abi=hard -nostartfiles -Wall -Wextra"
"Compiling qspips"
"Running Make libs in ps7_cortexa9_0/libsrc/scugic_v3_8/src"
make -C ps7_cortexa9_0/libsrc/scugic_v3_8/src -s libs  "SHELL=CMD" "COMPILER=arm-none-eabi-gcc" "ARCHIVER=arm-none-eabi-ar" "COMPILER_FLAGS=  -O2 -c" "EXTRA_COMPILER_FLAGS=-mcpu=cortex-a9 -mfpu=vfpv3 -mfloat-abi=hard -nostartfiles -Wall -Wextra"
"Compiling scugic"
"Running Make libs in ps7_cortexa9_0/libsrc/scutimer_v2_1/src"
make -C ps7_cortexa9_0/libsrc/scutimer_v2_1/src -s libs  "SHELL=CMD" "COMPILER=arm-none-eabi-gcc" "ARCHIVER=arm-none-eabi-ar" "COMPILER_FLAGS=  -O2 -c" "EXTRA_COMPILER_FLAGS=-mcpu=cortex-a9 -mfpu=vfpv3 -mfloat-abi=hard -nostartfiles -Wall -Wextra"
"Compiling scutimer"
"Running Make libs in ps7_cortexa9_0/libsrc/scuwdt_v2_1/src"
make -C ps7_cortexa9_0/libsrc/scuwdt_v2_1/src -s libs  "SHELL=CMD" "COMPILER=arm-none-eabi-gcc" "ARCHIVER=arm-none-eabi-ar" "COMPILER_FLAGS=  -O2 -c" "EXTRA_COMPILER_FLAGS=-mcpu=cortex-a9 -mfpu=vfpv3 -mfloat-abi=hard -nostartfiles -Wall -Wextra"
"Compiling scuwdt"
"Running Make libs in ps7_cortexa9_0/libsrc/sdps_v3_3/src"
make -C ps7_cortexa9_0/libsrc/sdps_v3_3/src -s libs  "SHELL=CMD" "COMPILER=arm-none-eabi-gcc" "ARCHIVER=arm-none-eabi-ar" "COMPILER_FLAGS=  -O2 -c" "EXTRA_COMPILER_FLAGS=-mcpu=cortex-a9 -mfpu=vfpv3 -mfloat-abi=hard -nostartfiles -Wall -Wextra"
"Compiling sdps"
"Running Make libs in ps7_cortexa9_0/libsrc/standalone_v6_5/src"
make -C ps7_cortexa9_0/libsrc/standalone_v6_5/src -s libs  "SHELL=CMD" "COMPILER=arm-none-eabi-gcc" "ARCHIVER=arm-none-eabi-ar" "COMPILER_FLAGS=  -O2 -c" "EXTRA_COMPILER_FLAGS=-mcpu=cortex-a9 -mfpu=vfpv3 -mfloat-abi=hard -nostartfiles -Wall -Wextra"
"Compiling standalone"
"Running Make libs in ps7_cortexa9_0/libsrc/tmrctr_v4_4/src"
make -C ps7_cortexa9_0/libsrc/tmrctr_v4_4/src -s libs  "SHELL=CMD" "COMPILER=arm-none-eabi-gcc" "ARCHIVER=arm-none-eabi-ar" "COMPILER_FLAGS=  -O2 -c" "EXTRA_COMPILER_FLAGS=-mcpu=cortex-a9 -mfpu=vfpv3 -mfloat-abi=hard -nostartfiles -Wall -Wextra"
"Compiling tmrctr"
"Running Make libs in ps7_cortexa9_0/libsrc/uartps_v3_5/src"
make -C ps7_cortexa9_0/libsrc/uartps_v3_5/src -s libs  "SHELL=CMD" "COMPILER=arm-none-eabi-gcc" "ARCHIVER=arm-none-eabi-ar" "COMPILER_FLAGS=  -O2 -c" "EXTRA_COMPILER_FLAGS=-mcpu=cortex-a9 -mfpu=vfpv3 -mfloat-abi=hard -nostartfiles -Wall -Wextra"
"Compiling uartps"
"Running Make libs in ps7_cortexa9_0/libsrc/usbps_v2_4/src"
make -C ps7_cortexa9_0/libsrc/usbps_v2_4/src -s libs  "SHELL=CMD" "COMPILER=arm-none-eabi-gcc" "ARCHIVER=arm-none-eabi-ar" "COMPILER_FLAGS=  -O2 -c" "EXTRA_COMPILER_FLAGS=-mcpu=cortex-a9 -mfpu=vfpv3 -mfloat-abi=hard -nostartfiles -Wall -Wextra"
"Compiling usbps"
"Running Make libs in ps7_cortexa9_0/libsrc/xadcps_v2_2/src"
make -C ps7_cortexa9_0/libsrc/xadcps_v2_2/src -s libs  "SHELL=CMD" "COMPILER=arm-none-eabi-gcc" "ARCHIVER=arm-none-eabi-ar" "COMPILER_FLAGS=  -O2 -c" "EXTRA_COMPILER_FLAGS=-mcpu=cortex-a9 -mfpu=vfpv3 -mfloat-abi=hard -nostartfiles -Wall -Wextra"
"Compiling xadcps"
'Finished building libraries'
16:22:08 **** Auto Build of configuration Debug for project mmult ****
make pre-build main-build 
a9-linaro-pre-build-step
 
Building file: ../src/acc_base.c
Invoking: ARM v7 gcc compiler
arm-none-eabi-gcc -Wall -O0 -g3 -c -fmessage-length=0 -MT"src/acc_base.o" -mcpu=cortex-a9 -mfpu=vfpv3 -mfloat-abi=hard -I../../mmult_bsp/ps7_cortexa9_0/include -MMD -MP -MF"src/acc_base.d" -MT"src/acc_base.o" -o "src/acc_base.o" "../src/acc_base.c"
../src/acc_base.c:59:0: warning: "SIZE" redefined
 #define SIZE      (DIM*DIM)
 
In file included from ../src/acc_base.c:54:0:
../src/lib_xmmult_hw.h:6:0: note: this is the location of the previous definition
 #define SIZE  ((DIM)*(DIM))
 
../src/acc_base.c: In function 'acc':
../src/acc_base.c:140:5: warning: this 'for' clause does not guard... [-Wmisleading-indentation]
     for (i = 0; i<10; i++)
     ^~~
../src/acc_base.c:145:2: note: ...this statement, but the latter is misleadingly indented as if it is guarded by the 'for'
  status = init_dma();
  ^~~~~~
../src/acc_base.c:197:4: warning: implicit declaration of function 'matrix_multiply_ref' [-Wimplicit-function-declaration]
    matrix_multiply_ref(A, B, res_sw);
    ^~~~~~~~~~~~~~~~~~~
../src/acc_base.c:211:4: warning: implicit declaration of function 'Start_HW_Accelerator' [-Wimplicit-function-declaration]
    Start_HW_Accelerator();
    ^~~~~~~~~~~~~~~~~~~~
Finished building: ../src/acc_base.c
 
Building file: ../src/echo.c
Invoking: ARM v7 gcc compiler
arm-none-eabi-gcc -Wall -O0 -g3 -c -fmessage-length=0 -MT"src/echo.o" -mcpu=cortex-a9 -mfpu=vfpv3 -mfloat-abi=hard -I../../mmult_bsp/ps7_cortexa9_0/include -MMD -MP -MF"src/echo.d" -MT"src/echo.o" -o "src/echo.o" "../src/echo.c"
Finished building: ../src/echo.c
 
Building file: ../src/i2c_access.c
Invoking: ARM v7 gcc compiler
arm-none-eabi-gcc -Wall -O0 -g3 -c -fmessage-length=0 -MT"src/i2c_access.o" -mcpu=cortex-a9 -mfpu=vfpv3 -mfloat-abi=hard -I../../mmult_bsp/ps7_cortexa9_0/include -MMD -MP -MF"src/i2c_access.d" -MT"src/i2c_access.o" -o "src/i2c_access.o" "../src/i2c_access.c"
Finished building: ../src/i2c_access.c
 
Building file: ../src/iic_phyreset.c
Invoking: ARM v7 gcc compiler
arm-none-eabi-gcc -Wall -O0 -g3 -c -fmessage-length=0 -MT"src/iic_phyreset.o" -mcpu=cortex-a9 -mfpu=vfpv3 -mfloat-abi=hard -I../../mmult_bsp/ps7_cortexa9_0/include -MMD -MP -MF"src/iic_phyreset.d" -MT"src/iic_phyreset.o" -o "src/iic_phyreset.o" "../src/iic_phyreset.c"
Finished building: ../src/iic_phyreset.c
 
Building file: ../src/lib_xmmult_hw.c
Invoking: ARM v7 gcc compiler
arm-none-eabi-gcc -Wall -O0 -g3 -c -fmessage-length=0 -MT"src/lib_xmmult_hw.o" -mcpu=cortex-a9 -mfpu=vfpv3 -mfloat-abi=hard -I../../mmult_bsp/ps7_cortexa9_0/include -MMD -MP -MF"src/lib_xmmult_hw.d" -MT"src/lib_xmmult_hw.o" -o "src/lib_xmmult_hw.o" "../src/lib_xmmult_hw.c"
In file included from ../../mmult_bsp/ps7_cortexa9_0/include/xscugic.h:193:0,
                 from ../src/lib_xmmult_hw.c:6:
../src/lib_xmmult_hw.c: In function 'Start_HW_Accelerator':
../../mmult_bsp/ps7_cortexa9_0/include/xstatus.h:65:41: warning: 'return' with a value, in function returning void
 #define XST_FAILURE                     1L
                                         ^
../src/lib_xmmult_hw.c:152:10: note: in expansion of macro 'XST_FAILURE'
   return XST_FAILURE;
          ^~~~~~~~~~~
../src/lib_xmmult_hw.c:147:6: note: declared here
 void Start_HW_Accelerator(void)
      ^~~~~~~~~~~~~~~~~~~~
In file included from ../../mmult_bsp/ps7_cortexa9_0/include/xscugic.h:193:0,
                 from ../src/lib_xmmult_hw.c:6:
../../mmult_bsp/ps7_cortexa9_0/include/xstatus.h:65:41: warning: 'return' with a value, in function returning void
 #define XST_FAILURE                     1L
                                         ^
../src/lib_xmmult_hw.c:157:10: note: in expansion of macro 'XST_FAILURE'
   return XST_FAILURE;
          ^~~~~~~~~~~
../src/lib_xmmult_hw.c:147:6: note: declared here
 void Start_HW_Accelerator(void)
      ^~~~~~~~~~~~~~~~~~~~
Finished building: ../src/lib_xmmult_hw.c
 
Building file: ../src/main.c
Invoking: ARM v7 gcc compiler
arm-none-eabi-gcc -Wall -O0 -g3 -c -fmessage-length=0 -MT"src/main.o" -mcpu=cortex-a9 -mfpu=vfpv3 -mfloat-abi=hard -I../../mmult_bsp/ps7_cortexa9_0/include -MMD -MP -MF"src/main.d" -MT"src/main.o" -o "src/main.o" "../src/main.c"
../src/main.c: In function 'main':
../src/main.c:108:16: warning: unused variable 'mac_ethernet_address' [-Wunused-variable]
  unsigned char mac_ethernet_address[] =
                ^~~~~~~~~~~~~~~~~~~~
Finished building: ../src/main.c
 
Building file: ../src/platform.c
Invoking: ARM v7 gcc compiler
arm-none-eabi-gcc -Wall -O0 -g3 -c -fmessage-length=0 -MT"src/platform.o" -mcpu=cortex-a9 -mfpu=vfpv3 -mfloat-abi=hard -I../../mmult_bsp/ps7_cortexa9_0/include -MMD -MP -MF"src/platform.d" -MT"src/platform.o" -o "src/platform.o" "../src/platform.c"
../src/platform.c: In function 'init_platform':
../src/platform.c:103:2: warning: implicit declaration of function 'platform_setup_timer' [-Wimplicit-function-declaration]
  platform_setup_timer();
  ^~~~~~~~~~~~~~~~~~~~
../src/platform.c:104:2: warning: implicit declaration of function 'platform_setup_interrupts' [-Wimplicit-function-declaration]
  platform_setup_interrupts();
  ^~~~~~~~~~~~~~~~~~~~~~~~~
Finished building: ../src/platform.c
 
Building file: ../src/platform_zynq.c
Invoking: ARM v7 gcc compiler
arm-none-eabi-gcc -Wall -O0 -g3 -c -fmessage-length=0 -MT"src/platform_zynq.o" -mcpu=cortex-a9 -mfpu=vfpv3 -mfloat-abi=hard -I../../mmult_bsp/ps7_cortexa9_0/include -MMD -MP -MF"src/platform_zynq.d" -MT"src/platform_zynq.o" -o "src/platform_zynq.o" "../src/platform_zynq.c"
Finished building: ../src/platform_zynq.c
 
Building file: ../src/platform_zynqmp.c
Invoking: ARM v7 gcc compiler
arm-none-eabi-gcc -Wall -O0 -g3 -c -fmessage-length=0 -MT"src/platform_zynqmp.o" -mcpu=cortex-a9 -mfpu=vfpv3 -mfloat-abi=hard -I../../mmult_bsp/ps7_cortexa9_0/include -MMD -MP -MF"src/platform_zynqmp.d" -MT"src/platform_zynqmp.o" -o "src/platform_zynqmp.o" "../src/platform_zynqmp.c"
Finished building: ../src/platform_zynqmp.c
 
Building file: ../src/sfp.c
Invoking: ARM v7 gcc compiler
arm-none-eabi-gcc -Wall -O0 -g3 -c -fmessage-length=0 -MT"src/sfp.o" -mcpu=cortex-a9 -mfpu=vfpv3 -mfloat-abi=hard -I../../mmult_bsp/ps7_cortexa9_0/include -MMD -MP -MF"src/sfp.d" -MT"src/sfp.o" -o "src/sfp.o" "../src/sfp.c"
Finished building: ../src/sfp.c
 
Building file: ../src/si5324.c
Invoking: ARM v7 gcc compiler
arm-none-eabi-gcc -Wall -O0 -g3 -c -fmessage-length=0 -MT"src/si5324.o" -mcpu=cortex-a9 -mfpu=vfpv3 -mfloat-abi=hard -I../../mmult_bsp/ps7_cortexa9_0/include -MMD -MP -MF"src/si5324.d" -MT"src/si5324.o" -o "src/si5324.o" "../src/si5324.c"
Finished building: ../src/si5324.c
 
Building target: mmult.elf
Invoking: ARM v7 gcc linker
arm-none-eabi-gcc -mcpu=cortex-a9 -mfpu=vfpv3 -mfloat-abi=hard -Wl,-build-id=none -specs=Xilinx.spec -Wl,-T -Wl,../src/lscript.ld -L../../mmult_bsp/ps7_cortexa9_0/lib -o "mmult.elf"  ./src/acc_base.o ./src/echo.o ./src/i2c_access.o ./src/iic_phyreset.o ./src/lib_xmmult_hw.o ./src/main.o ./src/platform.o ./src/platform_mb.o ./src/platform_ppc.o ./src/platform_zynq.o ./src/platform_zynqmp.o ./src/sfp.o ./src/si5324.o   -Wl,--start-group,-lxil,-lgcc,-lc,--end-group -Wl,--start-group,-lxil,-llwip4,-lgcc,-lc,--end-group
../../mmult_bsp/ps7_cortexa9_0/lib\liblwip4.a(xemacpsif_dma.o): In function `init_dma':
xemacpsif_dma.c:(.text+0x4cc): multiple definition of `init_dma'
./src/acc_base.o:C:\Umich\2nd_term\570\final_project\mult_acc_fully_work_zybo\try\xapp1170\xapp1170_2015v4\pre_built\vivado\project_1\project_1.sdk\mmult\Debug/../src/acc_base.c:73: first defined here
collect2.exe: error: ld returned 1 exit status
make: *** [mmult.elf] Error 1
16:23:11 **** Auto Build of configuration Debug for project mmult ****
make pre-build main-build 
a9-linaro-pre-build-step
 
Building file: ../src/echo.c
Invoking: ARM v7 gcc compiler
arm-none-eabi-gcc -Wall -O0 -g3 -c -fmessage-length=0 -MT"src/echo.o" -mcpu=cortex-a9 -mfpu=vfpv3 -mfloat-abi=hard -I../../mmult_bsp/ps7_cortexa9_0/include -MMD -MP -MF"src/echo.d" -MT"src/echo.o" -o "src/echo.o" "../src/echo.c"
Finished building: ../src/echo.c
 
Building target: mmult.elf
Invoking: ARM v7 gcc linker
arm-none-eabi-gcc -mcpu=cortex-a9 -mfpu=vfpv3 -mfloat-abi=hard -Wl,-build-id=none -specs=Xilinx.spec -Wl,-T -Wl,../src/lscript.ld -L../../mmult_bsp/ps7_cortexa9_0/lib -o "mmult.elf"  ./src/acc_base.o ./src/echo.o ./src/i2c_access.o ./src/iic_phyreset.o ./src/lib_xmmult_hw.o ./src/main.o ./src/platform.o ./src/platform_mb.o ./src/platform_ppc.o ./src/platform_zynq.o ./src/platform_zynqmp.o ./src/sfp.o ./src/si5324.o   -Wl,--start-group,-lxil,-lgcc,-lc,--end-group -Wl,--start-group,-lxil,-llwip4,-lgcc,-lc,--end-group
../../mmult_bsp/ps7_cortexa9_0/lib\liblwip4.a(xemacpsif_dma.o): In function `init_dma':
xemacpsif_dma.c:(.text+0x4cc): multiple definition of `init_dma'
./src/acc_base.o:C:\Umich\2nd_term\570\final_project\mult_acc_fully_work_zybo\try\xapp1170\xapp1170_2015v4\pre_built\vivado\project_1\project_1.sdk\mmult\Debug/../src/acc_base.c:73: first defined here
collect2.exe: error: ld returned 1 exit status
make: *** [mmult.elf] Error 1
16:25:34 **** Auto Build of configuration Debug for project mmult ****
make pre-build main-build 
a9-linaro-pre-build-step
 
Building file: ../src/acc_base.c
Invoking: ARM v7 gcc compiler
arm-none-eabi-gcc -Wall -O0 -g3 -c -fmessage-length=0 -MT"src/acc_base.o" -mcpu=cortex-a9 -mfpu=vfpv3 -mfloat-abi=hard -I../../mmult_bsp/ps7_cortexa9_0/include -MMD -MP -MF"src/acc_base.d" -MT"src/acc_base.o" -o "src/acc_base.o" "../src/acc_base.c"
../src/acc_base.c:59:0: warning: "SIZE" redefined
 #define SIZE      (DIM*DIM)
 
In file included from ../src/acc_base.c:54:0:
../src/lib_xmmult_hw.h:6:0: note: this is the location of the previous definition
 #define SIZE  ((DIM)*(DIM))
 
../src/acc_base.c: In function 'acc':
../src/acc_base.c:140:5: warning: this 'for' clause does not guard... [-Wmisleading-indentation]
     for (i = 0; i<10; i++)
     ^~~
../src/acc_base.c:145:2: note: ...this statement, but the latter is misleadingly indented as if it is guarded by the 'for'
  status = init_DMA();
  ^~~~~~
../src/acc_base.c:197:4: warning: implicit declaration of function 'matrix_multiply_ref' [-Wimplicit-function-declaration]
    matrix_multiply_ref(A, B, res_sw);
    ^~~~~~~~~~~~~~~~~~~
../src/acc_base.c:211:4: warning: implicit declaration of function 'Start_HW_Accelerator' [-Wimplicit-function-declaration]
    Start_HW_Accelerator();
    ^~~~~~~~~~~~~~~~~~~~
Finished building: ../src/acc_base.c
 
Building target: mmult.elf
Invoking: ARM v7 gcc linker
arm-none-eabi-gcc -mcpu=cortex-a9 -mfpu=vfpv3 -mfloat-abi=hard -Wl,-build-id=none -specs=Xilinx.spec -Wl,-T -Wl,../src/lscript.ld -L../../mmult_bsp/ps7_cortexa9_0/lib -o "mmult.elf"  ./src/acc_base.o ./src/echo.o ./src/i2c_access.o ./src/iic_phyreset.o ./src/lib_xmmult_hw.o ./src/main.o ./src/platform.o ./src/platform_mb.o ./src/platform_ppc.o ./src/platform_zynq.o ./src/platform_zynqmp.o ./src/sfp.o ./src/si5324.o   -Wl,--start-group,-lxil,-lgcc,-lc,--end-group -Wl,--start-group,-lxil,-llwip4,-lgcc,-lc,--end-group
Finished building target: mmult.elf
 
Invoking: ARM v7 Print Size
arm-none-eabi-size mmult.elf  |tee "mmult.elf.size"
   text	   data	    bss	    dec	    hex	filename
 110696	   3924	2156848	2271468	 22a8ec	mmult.elf
Finished building: mmult.elf.size
 
16:26:58 **** Incremental Build of configuration Debug for project mmult ****
make pre-build main-build 
a9-linaro-pre-build-step
 
Building file: ../src/main.c
Invoking: ARM v7 gcc compiler
arm-none-eabi-gcc -Wall -O0 -g3 -c -fmessage-length=0 -MT"src/main.o" -mcpu=cortex-a9 -mfpu=vfpv3 -mfloat-abi=hard -I../../mmult_bsp/ps7_cortexa9_0/include -MMD -MP -MF"src/main.d" -MT"src/main.o" -o "src/main.o" "../src/main.c"
../src/main.c: In function 'main':
../src/main.c:108:16: warning: unused variable 'mac_ethernet_address' [-Wunused-variable]
  unsigned char mac_ethernet_address[] =
                ^~~~~~~~~~~~~~~~~~~~
Finished building: ../src/main.c
 
Building target: mmult.elf
Invoking: ARM v7 gcc linker
arm-none-eabi-gcc -mcpu=cortex-a9 -mfpu=vfpv3 -mfloat-abi=hard -Wl,-build-id=none -specs=Xilinx.spec -Wl,-T -Wl,../src/lscript.ld -L../../mmult_bsp/ps7_cortexa9_0/lib -o "mmult.elf"  ./src/acc_base.o ./src/echo.o ./src/i2c_access.o ./src/iic_phyreset.o ./src/lib_xmmult_hw.o ./src/main.o ./src/platform.o ./src/platform_mb.o ./src/platform_ppc.o ./src/platform_zynq.o ./src/platform_zynqmp.o ./src/sfp.o ./src/si5324.o   -Wl,--start-group,-lxil,-lgcc,-lc,--end-group -Wl,--start-group,-lxil,-llwip4,-lgcc,-lc,--end-group
Finished building target: mmult.elf
 
Invoking: ARM v7 Print Size
arm-none-eabi-size mmult.elf  |tee "mmult.elf.size"
   text	   data	    bss	    dec	    hex	filename
 110608	   3924	2156848	2271380	 22a894	mmult.elf
Finished building: mmult.elf.size
 
16:27:30 **** Auto Build of configuration Debug for project mmult ****
make pre-build main-build 
a9-linaro-pre-build-step
 
Building file: ../src/main.c
Invoking: ARM v7 gcc compiler
arm-none-eabi-gcc -Wall -O0 -g3 -c -fmessage-length=0 -MT"src/main.o" -mcpu=cortex-a9 -mfpu=vfpv3 -mfloat-abi=hard -I../../mmult_bsp/ps7_cortexa9_0/include -MMD -MP -MF"src/main.d" -MT"src/main.o" -o "src/main.o" "../src/main.c"
Finished building: ../src/main.c
 
Building target: mmult.elf
Invoking: ARM v7 gcc linker
arm-none-eabi-gcc -mcpu=cortex-a9 -mfpu=vfpv3 -mfloat-abi=hard -Wl,-build-id=none -specs=Xilinx.spec -Wl,-T -Wl,../src/lscript.ld -L../../mmult_bsp/ps7_cortexa9_0/lib -o "mmult.elf"  ./src/acc_base.o ./src/echo.o ./src/i2c_access.o ./src/iic_phyreset.o ./src/lib_xmmult_hw.o ./src/main.o ./src/platform.o ./src/platform_mb.o ./src/platform_ppc.o ./src/platform_zynq.o ./src/platform_zynqmp.o ./src/sfp.o ./src/si5324.o   -Wl,--start-group,-lxil,-lgcc,-lc,--end-group -Wl,--start-group,-lxil,-llwip4,-lgcc,-lc,--end-group
Finished building target: mmult.elf
 
Invoking: ARM v7 Print Size
arm-none-eabi-size mmult.elf  |tee "mmult.elf.size"
   text	   data	    bss	    dec	    hex	filename
 110704	   3924	2156848	2271476	 22a8f4	mmult.elf
Finished building: mmult.elf.size
 
16:27:38 **** Incremental Build of configuration Debug for project mmult ****
make pre-build main-build 
a9-linaro-pre-build-step
 
make: Nothing to be done for `main-build'.
16:32:16 **** Auto Build of configuration Debug for project mmult ****
make pre-build main-build 
a9-linaro-pre-build-step
 
Building file: ../src/echo.c
Invoking: ARM v7 gcc compiler
arm-none-eabi-gcc -Wall -O0 -g3 -c -fmessage-length=0 -MT"src/echo.o" -mcpu=cortex-a9 -mfpu=vfpv3 -mfloat-abi=hard -I../../mmult_bsp/ps7_cortexa9_0/include -MMD -MP -MF"src/echo.d" -MT"src/echo.o" -o "src/echo.o" "../src/echo.c"
[...]
../src/acc_base.c:60:0: warning: "SIZE" redefined
 #define SIZE      (DIM*DIM)
 
In file included from ../src/acc_base.c:54:0:
../src/lib_xmmult_hw.h:6:0: note: this is the location of the previous definition
 #define SIZE  ((DIM)*(DIM))
 
../src/acc_base.c: In function 'acc':
../src/acc_base.c:201:4: warning: implicit declaration of function 'matrix_multiply_ref' [-Wimplicit-function-declaration]
    matrix_multiply_ref(A, B, res_sw);
    ^~~~~~~~~~~~~~~~~~~
../src/acc_base.c:213:24: warning: passing argument 1 of 'Setup_HW_Accelerator' from incompatible pointer type [-Wincompatible-pointer-types]
   Setup_HW_Accelerator(A, B, res_hw, dma_size);
                        ^
In file included from ../src/acc_base.c:54:0:
../src/lib_xmmult_hw.h:8:5: note: expected 'float (*)[32]' but argument is of type 'int (*)[32]'
 int Setup_HW_Accelerator(float A[DIM][DIM], float B[DIM][DIM], float res_hw[DIM][DIM], int dma_size);
     ^~~~~~~~~~~~~~~~~~~~
../src/acc_base.c:213:27: warning: passing argument 2 of 'Setup_HW_Accelerator' from incompatible pointer type [-Wincompatible-pointer-types]
   Setup_HW_Accelerator(A, B, res_hw, dma_size);
                           ^
In file included from ../src/acc_base.c:54:0:
../src/lib_xmmult_hw.h:8:5: note: expected 'float (*)[32]' but argument is of type 'int (*)[32]'
 int Setup_HW_Accelerator(float A[DIM][DIM], float B[DIM][DIM], float res_hw[DIM][DIM], int dma_size);
     ^~~~~~~~~~~~~~~~~~~~
../src/acc_base.c:215:4: warning: implicit declaration of function 'Start_HW_Accelerator' [-Wimplicit-function-declaration]
    Start_HW_Accelerator();
    ^~~~~~~~~~~~~~~~~~~~
../src/acc_base.c:216:23: warning: passing argument 1 of 'Run_HW_Accelerator' from incompatible pointer type [-Wincompatible-pointer-types]
    Run_HW_Accelerator(A, B, res_hw, dma_size);
                       ^
In file included from ../src/acc_base.c:54:0:
../src/lib_xmmult_hw.h:10:5: note: expected 'float (*)[32]' but argument is of type 'int (*)[32]'
 int Run_HW_Accelerator(float A[DIM][DIM], float B[DIM][DIM], float res_hw[DIM][DIM], int dma_size);
     ^~~~~~~~~~~~~~~~~~
../src/acc_base.c:216:26: warning: passing argument 2 of 'Run_HW_Accelerator' from incompatible pointer type [-Wincompatible-pointer-types]
    Run_HW_Accelerator(A, B, res_hw, dma_size);
                          ^
In file included from ../src/acc_base.c:54:0:
../src/lib_xmmult_hw.h:10:5: note: expected 'float (*)[32]' but argument is of type 'int (*)[32]'
 int Run_HW_Accelerator(float A[DIM][DIM], float B[DIM][DIM], float res_hw[DIM][DIM], int dma_size);
     ^~~~~~~~~~~~~~~~~~
Finished building: ../src/acc_base.c
 
Building target: mmult.elf
Invoking: ARM v7 gcc linker
arm-none-eabi-gcc -mcpu=cortex-a9 -mfpu=vfpv3 -mfloat-abi=hard -Wl,-build-id=none -specs=Xilinx.spec -Wl,-T -Wl,../src/lscript.ld -L../../mmult_bsp/ps7_cortexa9_0/lib -o "mmult.elf"  ./src/acc_base.o ./src/echo.o ./src/i2c_access.o ./src/iic_phyreset.o ./src/lib_xmmult_hw.o ./src/main.o ./src/platform.o ./src/platform_mb.o ./src/platform_ppc.o ./src/platform_zynq.o ./src/platform_zynqmp.o ./src/sfp.o ./src/si5324.o   -Wl,--start-group,-lxil,-lgcc,-lc,--end-group -Wl,--start-group,-lxil,-llwip4,-lgcc,-lc,--end-group
Finished building target: mmult.elf
 
Invoking: ARM v7 Print Size
arm-none-eabi-size mmult.elf  |tee "mmult.elf.size"
   text	   data	    bss	    dec	    hex	filename
 112696	   3924	2156848	2273468	 22b0bc	mmult.elf
Finished building: mmult.elf.size
 
13:55:10 **** Incremental Build of configuration Debug for project mmult ****
make pre-build main-build 
a9-linaro-pre-build-step
 
make: Nothing to be done for `main-build'.
13:56:08 **** Auto Build of configuration Debug for project mmult ****
make pre-build main-build 
a9-linaro-pre-build-step
 
Building file: ../src/lib_xmmult_hw.c
Invoking: ARM v7 gcc compiler
arm-none-eabi-gcc -Wall -O0 -g3 -c -fmessage-length=0 -MT"src/lib_xmmult_hw.o" -mcpu=cortex-a9 -mfpu=vfpv3 -mfloat-abi=hard -I../../mmult_bsp/ps7_cortexa9_0/include -MMD -MP -MF"src/lib_xmmult_hw.d" -MT"src/lib_xmmult_hw.o" -o "src/lib_xmmult_hw.o" "../src/lib_xmmult_hw.c"
In file included from ../../mmult_bsp/ps7_cortexa9_0/include/xscugic.h:193:0,
                 from ../src/lib_xmmult_hw.c:6:
../src/lib_xmmult_hw.c: In function 'Start_HW_Accelerator':
../../mmult_bsp/ps7_cortexa9_0/include/xstatus.h:65:41: warning: 'return' with a value, in function returning void
 #define XST_FAILURE                     1L
                                         ^
../src/lib_xmmult_hw.c:152:10: note: in expansion of macro 'XST_FAILURE'
   return XST_FAILURE;
          ^~~~~~~~~~~
../src/lib_xmmult_hw.c:147:6: note: declared here
 void Start_HW_Accelerator(void)
      ^~~~~~~~~~~~~~~~~~~~
Finished building: ../src/lib_xmmult_hw.c
 
Building target: mmult.elf
Invoking: ARM v7 gcc linker
arm-none-eabi-gcc -mcpu=cortex-a9 -mfpu=vfpv3 -mfloat-abi=hard -Wl,-build-id=none -specs=Xilinx.spec -Wl,-T -Wl,../src/lscript.ld -L../../mmult_bsp/ps7_cortexa9_0/lib -o "mmult.elf"  ./src/acc_base.o ./src/echo.o ./src/i2c_access.o ./src/iic_phyreset.o ./src/lib_xmmult_hw.o ./src/main.o ./src/platform.o ./src/platform_mb.o ./src/platform_ppc.o ./src/platform_zynq.o ./src/platform_zynqmp.o ./src/sfp.o ./src/si5324.o   -Wl,--start-group,-lxil,-lgcc,-lc,--end-group -Wl,--start-group,-lxil,-llwip4,-lgcc,-lc,--end-group
Finished building target: mmult.elf
 
Invoking: ARM v7 Print Size
arm-none-eabi-size mmult.elf  |tee "mmult.elf.size"
   text	   data	    bss	    dec	    hex	filename
 112760	   3924	2156848	2273532	 22b0fc	mmult.elf
Finished building: mmult.elf.size
 
13:56:17 **** Incremental Build of configuration Debug for project mmult ****
make pre-build main-build 
a9-linaro-pre-build-step
 
make: Nothing to be done for `main-build'.
13:57:38 **** Auto Build of configuration Debug for project mmult ****
make pre-build main-build 
a9-linaro-pre-build-step
 
Building file: ../src/lib_xmmult_hw.c
Invoking: ARM v7 gcc compiler
arm-none-eabi-gcc -Wall -O0 -g3 -c -fmessage-length=0 -MT"src/lib_xmmult_hw.o" -mcpu=cortex-a9 -mfpu=vfpv3 -mfloat-abi=hard -I../../mmult_bsp/ps7_cortexa9_0/include -MMD -MP -MF"src/lib_xmmult_hw.d" -MT"src/lib_xmmult_hw.o" -o "src/lib_xmmult_hw.o" "../src/lib_xmmult_hw.c"
In file included from ../../mmult_bsp/ps7_cortexa9_0/include/xscugic.h:193:0,
                 from ../src/lib_xmmult_hw.c:6:
../src/lib_xmmult_hw.c: In function 'Start_HW_Accelerator':
../../mmult_bsp/ps7_cortexa9_0/include/xstatus.h:65:41: warning: 'return' with a value, in function returning void
 #define XST_FAILURE                     1L
                                         ^
../src/lib_xmmult_hw.c:153:10: note: in expansion of macro 'XST_FAILURE'
   return XST_FAILURE;
          ^~~~~~~~~~~
../src/lib_xmmult_hw.c:148:6: note: declared here
 void Start_HW_Accelerator(void)
      ^~~~~~~~~~~~~~~~~~~~
Finished building: ../src/lib_xmmult_hw.c
 
Building target: mmult.elf
Invoking: ARM v7 gcc linker
arm-none-eabi-gcc -mcpu=cortex-a9 -mfpu=vfpv3 -mfloat-abi=hard -Wl,-build-id=none -specs=Xilinx.spec -Wl,-T -Wl,../src/lscript.ld -L../../mmult_bsp/ps7_cortexa9_0/lib -o "mmult.elf"  ./src/acc_base.o ./src/echo.o ./src/i2c_access.o ./src/iic_phyreset.o ./src/lib_xmmult_hw.o ./src/main.o ./src/platform.o ./src/platform_mb.o ./src/platform_ppc.o ./src/platform_zynq.o ./src/platform_zynqmp.o ./src/sfp.o ./src/si5324.o   -Wl,--start-group,-lxil,-lgcc,-lc,--end-group -Wl,--start-group,-lxil,-llwip4,-lgcc,-lc,--end-group
Finished building target: mmult.elf
 
Invoking: ARM v7 Print Size
arm-none-eabi-size mmult.elf  |tee "mmult.elf.size"
   text	   data	    bss	    dec	    hex	filename
 112760	   3924	2156848	2273532	 22b0fc	mmult.elf
Finished building: mmult.elf.size
 
13:59:17 **** Auto Build of configuration Debug for project mmult ****
make pre-build main-build 
a9-linaro-pre-build-step
 
Building file: ../src/lib_xmmult_hw.c
Invoking: ARM v7 gcc compiler
arm-none-eabi-gcc -Wall -O0 -g3 -c -fmessage-length=0 -MT"src/lib_xmmult_hw.o" -mcpu=cortex-a9 -mfpu=vfpv3 -mfloat-abi=hard -I../../mmult_bsp/ps7_cortexa9_0/include -MMD -MP -MF"src/lib_xmmult_hw.d" -MT"src/lib_xmmult_hw.o" -o "src/lib_xmmult_hw.o" "../src/lib_xmmult_hw.c"
In file included from ../../mmult_bsp/ps7_cortexa9_0/include/xscugic.h:193:0,
                 from ../src/lib_xmmult_hw.c:6:
../src/lib_xmmult_hw.c: In function 'Start_HW_Accelerator':
../../mmult_bsp/ps7_cortexa9_0/include/xstatus.h:65:41: warning: 'return' with a value, in function returning void
 #define XST_FAILURE                     1L
                                         ^
../src/lib_xmmult_hw.c:153:10: note: in expansion of macro 'XST_FAILURE'
   return XST_FAILURE;
          ^~~~~~~~~~~
../src/lib_xmmult_hw.c:148:6: note: declared here
 void Start_HW_Accelerator(void)
      ^~~~~~~~~~~~~~~~~~~~
Finished building: ../src/lib_xmmult_hw.c
 
Building target: mmult.elf
Invoking: ARM v7 gcc linker
arm-none-eabi-gcc -mcpu=cortex-a9 -mfpu=vfpv3 -mfloat-abi=hard -Wl,-build-id=none -specs=Xilinx.spec -Wl,-T -Wl,../src/lscript.ld -L../../mmult_bsp/ps7_cortexa9_0/lib -o "mmult.elf"  ./src/acc_base.o ./src/echo.o ./src/i2c_access.o ./src/iic_phyreset.o ./src/lib_xmmult_hw.o ./src/main.o ./src/platform.o ./src/platform_mb.o ./src/platform_ppc.o ./src/platform_zynq.o ./src/platform_zynqmp.o ./src/sfp.o ./src/si5324.o   -Wl,--start-group,-lxil,-lgcc,-lc,--end-group -Wl,--start-group,-lxil,-llwip4,-lgcc,-lc,--end-group
Finished building target: mmult.elf
 
Invoking: ARM v7 Print Size
arm-none-eabi-size mmult.elf  |tee "mmult.elf.size"
   text	   data	    bss	    dec	    hex	filename
 112760	   3924	2156848	2273532	 22b0fc	mmult.elf
Finished building: mmult.elf.size
 
14:28:29 **** Auto Build of configuration Debug for project mmult ****
make pre-build main-build 
a9-linaro-pre-build-step
 
Building file: ../src/echo.c
Invoking: ARM v7 gcc compiler
arm-none-eabi-gcc -Wall -O0 -g3 -c -fmessage-length=0 -MT"src/echo.o" -mcpu=cortex-a9 -mfpu=vfpv3 -mfloat-abi=hard -I../../mmult_bsp/ps7_cortexa9_0/include -MMD -MP -MF"src/echo.d" -MT"src/echo.o" -o "src/echo.o" "../src/echo.c"
Finished building: ../src/echo.c
 
Building target: mmult.elf
Invoking: ARM v7 gcc linker
arm-none-eabi-gcc -mcpu=cortex-a9 -mfpu=vfpv3 -mfloat-abi=hard -Wl,-build-id=none -specs=Xilinx.spec -Wl,-T -Wl,../src/lscript.ld -L../../mmult_bsp/ps7_cortexa9_0/lib -o "mmult.elf"  ./src/acc_base.o ./src/echo.o ./src/i2c_access.o ./src/iic_phyreset.o ./src/lib_xmmult_hw.o ./src/main.o ./src/platform.o ./src/platform_mb.o ./src/platform_ppc.o ./src/platform_zynq.o ./src/platform_zynqmp.o ./src/sfp.o ./src/si5324.o   -Wl,--start-group,-lxil,-lgcc,-lc,--end-group -Wl,--start-group,-lxil,-llwip4,-lgcc,-lc,--end-group
Finished building target: mmult.elf
 
Invoking: ARM v7 Print Size
arm-none-eabi-size mmult.elf  |tee "mmult.elf.size"
   text	   data	    bss	    dec	    hex	filename
 112760	   3924	2156848	2273532	 22b0fc	mmult.elf
Finished building: mmult.elf.size
 
14:28:55 **** Incremental Build of configuration Debug for project mmult ****
make pre-build main-build 
a9-linaro-pre-build-step
 
make: Nothing to be done for `main-build'.
16:59:34 **** Auto Build of configuration Debug for project mmult ****
make pre-build main-build 
a9-linaro-pre-build-step
 
make: Nothing to be done for `main-build'.
17:53:16 **** Auto Build of configuration Debug for project mmult ****
make pre-build main-build 
a9-linaro-pre-build-step
 
Building file: ../src/acc_base.c
Invoking: ARM v7 gcc compiler
arm-none-eabi-gcc -Wall -O0 -g3 -c -fmessage-length=0 -MT"src/acc_base.o" -mcpu=cortex-a9 -mfpu=vfpv3 -mfloat-abi=hard -I../../mmult_bsp/ps7_cortexa9_0/include -MMD -MP -MF"src/acc_base.d" -MT"src/acc_base.o" -o "src/acc_base.o" "../src/acc_base.c"
../src/acc_base.c:60:0: warning: "SIZE" redefined
 #define SIZE      (DIM*DIM)
 
In file included from ../src/acc_base.c:54:0:
../src/lib_xmmult_hw.h:6:0: note: this is the location of the previous definition
 #define SIZE  ((DIM)*(DIM))
 
../src/acc_base.c: In function 'acc':
../src/acc_base.c:201:4: warning: implicit declaration of function 'matrix_multiply_ref' [-Wimplicit-function-declaration]
    matrix_multiply_ref(A, B, res_sw);
    ^~~~~~~~~~~~~~~~~~~
../src/acc_base.c:213:27: warning: passing argument 2 of 'Setup_HW_Accelerator' from incompatible pointer type [-Wincompatible-pointer-types]
   Setup_HW_Accelerator(A, B, res_hw, dma_size);
                           ^
In file included from ../src/acc_base.c:54:0:
../src/lib_xmmult_hw.h:8:5: note: expected 'float (*)[32]' but argument is of type 'int (*)[32]'
 int Setup_HW_Accelerator(float A[DIM][DIM], float B[DIM][DIM], float res_hw[DIM][DIM], int dma_size);
     ^~~~~~~~~~~~~~~~~~~~
../src/acc_base.c:215:4: warning: implicit declaration of function 'Start_HW_Accelerator' [-Wimplicit-function-declaration]
    Start_HW_Accelerator();
    ^~~~~~~~~~~~~~~~~~~~
../src/acc_base.c:216:26: warning: passing argument 2 of 'Run_HW_Accelerator' from incompatible pointer type [-Wincompatible-pointer-types]
    Run_HW_Accelerator(A, B, res_hw, dma_size);
                          ^
In file included from ../src/acc_base.c:54:0:
../src/lib_xmmult_hw.h:10:5: note: expected 'float (*)[32]' but argument is of type 'int (*)[32]'
 int Run_HW_Accelerator(float A[DIM][DIM], float B[DIM][DIM], float res_hw[DIM][DIM], int dma_size);
     ^~~~~~~~~~~~~~~~~~
Finished building: ../src/acc_base.c
 
Building file: ../src/echo.c
Invoking: ARM v7 gcc compiler
arm-none-eabi-gcc -Wall -O0 -g3 -c -fmessage-length=0 -MT"src/echo.o" -mcpu=cortex-a9 -mfpu=vfpv3 -mfloat-abi=hard -I../../mmult_bsp/ps7_cortexa9_0/include -MMD -MP -MF"src/echo.d" -MT"src/echo.o" -o "src/echo.o" "../src/echo.c"
Finished building: ../src/echo.c
 
Building file: ../src/main.c
Invoking: ARM v7 gcc compiler
arm-none-eabi-gcc -Wall -O0 -g3 -c -fmessage-length=0 -MT"src/main.o" -mcpu=cortex-a9 -mfpu=vfpv3 -mfloat-abi=hard -I../../mmult_bsp/ps7_cortexa9_0/include -MMD -MP -MF"src/main.d" -MT"src/main.o" -o "src/main.o" "../src/main.c"
../src/main.c: In function 'main':
../src/main.c:210:4: warning: implicit declaration of function 'acc' [-Wimplicit-function-declaration]
    acc();
    ^~~
Finished building: ../src/main.c
 
Building target: mmult.elf
Invoking: ARM v7 gcc linker
arm-none-eabi-gcc -mcpu=cortex-a9 -mfpu=vfpv3 -mfloat-abi=hard -Wl,-build-id=none -specs=Xilinx.spec -Wl,-T -Wl,../src/lscript.ld -L../../mmult_bsp/ps7_cortexa9_0/lib -o "mmult.elf"  ./src/acc_base.o ./src/echo.o ./src/i2c_access.o ./src/iic_phyreset.o ./src/lib_xmmult_hw.o ./src/main.o ./src/platform.o ./src/platform_mb.o ./src/platform_ppc.o ./src/platform_zynq.o ./src/platform_zynqmp.o ./src/sfp.o ./src/si5324.o   -Wl,--start-group,-lxil,-lgcc,-lc,--end-group -Wl,--start-group,-lxil,-llwip4,-lgcc,-lc,--end-group
Finished building target: mmult.elf
 
Invoking: ARM v7 Print Size
arm-none-eabi-size mmult.elf  |tee "mmult.elf.size"
   text	   data	    bss	    dec	    hex	filename
 112760	   3924	2156848	2273532	 22b0fc	mmult.elf
Finished building: mmult.elf.size
 
17:53:19 **** Auto Build of configuration Debug for project mmult ****
make pre-build main-build 
a9-linaro-pre-build-step
 
Building file: ../src/acc_base.c
Invoking: ARM v7 gcc compiler
arm-none-eabi-gcc -Wall -O0 -g3 -c -fmessage-length=0 -MT"src/acc_base.o" -mcpu=cortex-a9 -mfpu=vfpv3 -mfloat-abi=hard -I../../mmult_bsp/ps7_cortexa9_0/include -MMD -MP -MF"src/acc_base.d" -MT"src/acc_base.o" -o "src/acc_base.o" "../src/acc_base.c"
../src/acc_base.c:60:0: warning: "SIZE" redefined
 #define SIZE      (DIM*DIM)
 
In file included from ../src/acc_base.c:54:0:
../src/lib_xmmult_hw.h:6:0: note: this is the location of the previous definition
 #define SIZE  ((DIM)*(DIM))
 
../src/acc_base.c: In function 'acc':
../src/acc_base.c:214:4: warning: implicit declaration of function 'matrix_multiply_ref' [-Wimplicit-function-declaration]
    matrix_multiply_ref(A, B, res_sw);
    ^~~~~~~~~~~~~~~~~~~
../src/acc_base.c:228:4: warning: implicit declaration of function 'Start_HW_Accelerator' [-Wimplicit-function-declaration]
    Start_HW_Accelerator();
    ^~~~~~~~~~~~~~~~~~~~
../src/acc_base.c:181:9: warning: unused variable 'count' [-Wunused-variable]
     int count = 0;
         ^~~~~
Finished building: ../src/acc_base.c
 
Building target: mmult.elf
Invoking: ARM v7 gcc linker
arm-none-eabi-gcc -mcpu=cortex-a9 -mfpu=vfpv3 -mfloat-abi=hard -Wl,-build-id=none -specs=Xilinx.spec -Wl,-T -Wl,../src/lscript.ld -L../../mmult_bsp/ps7_cortexa9_0/lib -o "mmult.elf"  ./src/acc_base.o ./src/echo.o ./src/i2c_access.o ./src/iic_phyreset.o ./src/lib_xmmult_hw.o ./src/main.o ./src/platform.o ./src/platform_mb.o ./src/platform_ppc.o ./src/platform_zynq.o ./src/platform_zynqmp.o ./src/sfp.o ./src/si5324.o   -Wl,--start-group,-lxil,-lgcc,-lc,--end-group -Wl,--start-group,-lxil,-llwip4,-lgcc,-lc,--end-group
Finished building target: mmult.elf
 
Invoking: ARM v7 Print Size
arm-none-eabi-size mmult.elf  |tee "mmult.elf.size"
   text	   data	    bss	    dec	    hex	filename
 112904	   3924	2156848	2273676	 22b18c	mmult.elf
Finished building: mmult.elf.size
 
17:53:21 **** Auto Build of configuration Debug for project mmult ****
make pre-build main-build 
a9-linaro-pre-build-step
 
Building file: ../src/main.c
Invoking: ARM v7 gcc compiler
arm-none-eabi-gcc -Wall -O0 -g3 -c -fmessage-length=0 -MT"src/main.o" -mcpu=cortex-a9 -mfpu=vfpv3 -mfloat-abi=hard -I../../mmult_bsp/ps7_cortexa9_0/include -MMD -MP -MF"src/main.d" -MT"src/main.o" -o "src/main.o" "../src/main.c"
../src/main.c: In function 'main':
../src/main.c:210:4: warning: implicit declaration of function 'acc' [-Wimplicit-function-declaration]
    acc();
    ^~~
Finished building: ../src/main.c
 
Building target: mmult.elf
Invoking: ARM v7 gcc linker
arm-none-eabi-gcc -mcpu=cortex-a9 -mfpu=vfpv3 -mfloat-abi=hard -Wl,-build-id=none -specs=Xilinx.spec -Wl,-T -Wl,../src/lscript.ld -L../../mmult_bsp/ps7_cortexa9_0/lib -o "mmult.elf"  ./src/acc_base.o ./src/echo.o ./src/i2c_access.o ./src/iic_phyreset.o ./src/lib_xmmult_hw.o ./src/main.o ./src/platform.o ./src/platform_mb.o ./src/platform_ppc.o ./src/platform_zynq.o ./src/platform_zynqmp.o ./src/sfp.o ./src/si5324.o   -Wl,--start-group,-lxil,-lgcc,-lc,--end-group -Wl,--start-group,-lxil,-llwip4,-lgcc,-lc,--end-group
Finished building target: mmult.elf
 
Invoking: ARM v7 Print Size
arm-none-eabi-size mmult.elf  |tee "mmult.elf.size"
   text	   data	    bss	    dec	    hex	filename
 112904	   3924	2156848	2273676	 22b18c	mmult.elf
Finished building: mmult.elf.size
 
17:53:23 **** Auto Build of configuration Debug for project mmult ****
make pre-build main-build 
a9-linaro-pre-build-step
 
Building file: ../src/echo.c
Invoking: ARM v7 gcc compiler
arm-none-eabi-gcc -Wall -O0 -g3 -c -fmessage-length=0 -MT"src/echo.o" -mcpu=cortex-a9 -mfpu=vfpv3 -mfloat-abi=hard -I../../mmult_bsp/ps7_cortexa9_0/include -MMD -MP -MF"src/echo.d" -MT"src/echo.o" -o "src/echo.o" "../src/echo.c"
Finished building: ../src/echo.c
 
Building target: mmult.elf
Invoking: ARM v7 gcc linker
arm-none-eabi-gcc -mcpu=cortex-a9 -mfpu=vfpv3 -mfloat-abi=hard -Wl,-build-id=none -specs=Xilinx.spec -Wl,-T -Wl,../src/lscript.ld -L../../mmult_bsp/ps7_cortexa9_0/lib -o "mmult.elf"  ./src/acc_base.o ./src/echo.o ./src/i2c_access.o ./src/iic_phyreset.o ./src/lib_xmmult_hw.o ./src/main.o ./src/platform.o ./src/platform_mb.o ./src/platform_ppc.o ./src/platform_zynq.o ./src/platform_zynqmp.o ./src/sfp.o ./src/si5324.o   -Wl,--start-group,-lxil,-lgcc,-lc,--end-group -Wl,--start-group,-lxil,-llwip4,-lgcc,-lc,--end-group
Finished building target: mmult.elf
 
Invoking: ARM v7 Print Size
arm-none-eabi-size mmult.elf  |tee "mmult.elf.size"
   text	   data	    bss	    dec	    hex	filename
 135220	   4316	2156848	2296384	 230a40	mmult.elf
Finished building: mmult.elf.size
 
17:55:25 **** Incremental Build of configuration Debug for project mmult ****
make pre-build main-build 
a9-linaro-pre-build-step
 
make: Nothing to be done for `main-build'.
